Archive member included to satisfy reference by file (symbol)

../Middlewares/ST/STM32_MotionFX_Library/Lib\MotionFX_CM3_wc32_ot.a(motion_fx.o)
                              ./Core/Src/app_trackmag.o (MotionFX_initialize)
C:/ST/STM32CubeIDE_1.13.0/STM32CubeIDE/plugins/com.st.stm32cube.ide.mcu.externaltools.gnu-tools-for-stm32.11.3.rel1.win32_1.1.1.202309131626/tools/bin/../lib/gcc/arm-none-eabi/11.3.1/../../../../arm-none-eabi/lib/thumb/v7-m/nofp\libc_nano.a(libc_a-exit.o)
                              C:/ST/STM32CubeIDE_1.13.0/STM32CubeIDE/plugins/com.st.stm32cube.ide.mcu.externaltools.gnu-tools-for-stm32.11.3.rel1.win32_1.1.1.202309131626/tools/bin/../lib/gcc/arm-none-eabi/11.3.1/../../../../arm-none-eabi/lib/thumb/v7-m/nofp/crt0.o (exit)
C:/ST/STM32CubeIDE_1.13.0/STM32CubeIDE/plugins/com.st.stm32cube.ide.mcu.externaltools.gnu-tools-for-stm32.11.3.rel1.win32_1.1.1.202309131626/tools/bin/../lib/gcc/arm-none-eabi/11.3.1/../../../../arm-none-eabi/lib/thumb/v7-m/nofp\libc_nano.a(libc_a-nano-vfprintf_float.o)
                              (_printf_float)
C:/ST/STM32CubeIDE_1.13.0/STM32CubeIDE/plugins/com.st.stm32cube.ide.mcu.externaltools.gnu-tools-for-stm32.11.3.rel1.win32_1.1.1.202309131626/tools/bin/../lib/gcc/arm-none-eabi/11.3.1/../../../../arm-none-eabi/lib/thumb/v7-m/nofp\libc_nano.a(libc_a-nano-vfprintf_i.o)
                              C:/ST/STM32CubeIDE_1.13.0/STM32CubeIDE/plugins/com.st.stm32cube.ide.mcu.externaltools.gnu-tools-for-stm32.11.3.rel1.win32_1.1.1.202309131626/tools/bin/../lib/gcc/arm-none-eabi/11.3.1/../../../../arm-none-eabi/lib/thumb/v7-m/nofp\libc_nano.a(libc_a-nano-vfprintf_float.o) (_printf_common)
C:/ST/STM32CubeIDE_1.13.0/STM32CubeIDE/plugins/com.st.stm32cube.ide.mcu.externaltools.gnu-tools-for-stm32.11.3.rel1.win32_1.1.1.202309131626/tools/bin/../lib/gcc/arm-none-eabi/11.3.1/../../../../arm-none-eabi/lib/thumb/v7-m/nofp\libc_nano.a(libc_a-findfp.o)
                              C:/ST/STM32CubeIDE_1.13.0/STM32CubeIDE/plugins/com.st.stm32cube.ide.mcu.externaltools.gnu-tools-for-stm32.11.3.rel1.win32_1.1.1.202309131626/tools/bin/../lib/gcc/arm-none-eabi/11.3.1/../../../../arm-none-eabi/lib/thumb/v7-m/nofp\libc_nano.a(libc_a-exit.o) (__stdio_exit_handler)
C:/ST/STM32CubeIDE_1.13.0/STM32CubeIDE/plugins/com.st.stm32cube.ide.mcu.externaltools.gnu-tools-for-stm32.11.3.rel1.win32_1.1.1.202309131626/tools/bin/../lib/gcc/arm-none-eabi/11.3.1/../../../../arm-none-eabi/lib/thumb/v7-m/nofp\libc_nano.a(libc_a-fwalk.o)
                              C:/ST/STM32CubeIDE_1.13.0/STM32CubeIDE/plugins/com.st.stm32cube.ide.mcu.externaltools.gnu-tools-for-stm32.11.3.rel1.win32_1.1.1.202309131626/tools/bin/../lib/gcc/arm-none-eabi/11.3.1/../../../../arm-none-eabi/lib/thumb/v7-m/nofp\libc_nano.a(libc_a-findfp.o) (_fwalk_sglue)
C:/ST/STM32CubeIDE_1.13.0/STM32CubeIDE/plugins/com.st.stm32cube.ide.mcu.externaltools.gnu-tools-for-stm32.11.3.rel1.win32_1.1.1.202309131626/tools/bin/../lib/gcc/arm-none-eabi/11.3.1/../../../../arm-none-eabi/lib/thumb/v7-m/nofp\libc_nano.a(libc_a-snprintf.o)
                              ./Core/Src/app_trackmag.o (snprintf)
C:/ST/STM32CubeIDE_1.13.0/STM32CubeIDE/plugins/com.st.stm32cube.ide.mcu.externaltools.gnu-tools-for-stm32.11.3.rel1.win32_1.1.1.202309131626/tools/bin/../lib/gcc/arm-none-eabi/11.3.1/../../../../arm-none-eabi/lib/thumb/v7-m/nofp\libc_nano.a(libc_a-stdio.o)
                              C:/ST/STM32CubeIDE_1.13.0/STM32CubeIDE/plugins/com.st.stm32cube.ide.mcu.externaltools.gnu-tools-for-stm32.11.3.rel1.win32_1.1.1.202309131626/tools/bin/../lib/gcc/arm-none-eabi/11.3.1/../../../../arm-none-eabi/lib/thumb/v7-m/nofp\libc_nano.a(libc_a-findfp.o) (__sread)
C:/ST/STM32CubeIDE_1.13.0/STM32CubeIDE/plugins/com.st.stm32cube.ide.mcu.externaltools.gnu-tools-for-stm32.11.3.rel1.win32_1.1.1.202309131626/tools/bin/../lib/gcc/arm-none-eabi/11.3.1/../../../../arm-none-eabi/lib/thumb/v7-m/nofp\libc_nano.a(libc_a-memset.o)
                              C:/ST/STM32CubeIDE_1.13.0/STM32CubeIDE/plugins/com.st.stm32cube.ide.mcu.externaltools.gnu-tools-for-stm32.11.3.rel1.win32_1.1.1.202309131626/tools/bin/../lib/gcc/arm-none-eabi/11.3.1/../../../../arm-none-eabi/lib/thumb/v7-m/nofp/crt0.o (memset)
C:/ST/STM32CubeIDE_1.13.0/STM32CubeIDE/plugins/com.st.stm32cube.ide.mcu.externaltools.gnu-tools-for-stm32.11.3.rel1.win32_1.1.1.202309131626/tools/bin/../lib/gcc/arm-none-eabi/11.3.1/../../../../arm-none-eabi/lib/thumb/v7-m/nofp\libc_nano.a(libc_a-strnlen.o)
                              ./Core/Src/app_trackmag.o (strnlen)
C:/ST/STM32CubeIDE_1.13.0/STM32CubeIDE/plugins/com.st.stm32cube.ide.mcu.externaltools.gnu-tools-for-stm32.11.3.rel1.win32_1.1.1.202309131626/tools/bin/../lib/gcc/arm-none-eabi/11.3.1/../../../../arm-none-eabi/lib/thumb/v7-m/nofp\libc_nano.a(libc_a-localeconv.o)
[...]
Memory Configuration

Name             Origin             Length             Attributes
RAM              0x0000000020000000 0x0000000000005000 xrw
FLASH            0x0000000008001000 0x000000000001f800 xr
*default*        0x0000000000000000 0xffffffffffffffff

Linker script and memory map

LOAD C:/ST/STM32CubeIDE_1.13.0/STM32CubeIDE/plugins/com.st.stm32cube.ide.mcu.externaltools.gnu-tools-for-stm32.11.3.rel1.win32_1.1.1.202309131626/tools/bin/../lib/gcc/arm-none-eabi/11.3.1/thumb/v7-m/nofp/crti.o
LOAD C:/ST/STM32CubeIDE_1.13.0/STM32CubeIDE/plugins/com.st.stm32cube.ide.mcu.externaltools.gnu-tools-for-stm32.11.3.rel1.win32_1.1.1.202309131626/tools/bin/../lib/gcc/arm-none-eabi/11.3.1/thumb/v7-m/nofp/crtbegin.o
LOAD C:/ST/STM32CubeIDE_1.13.0/STM32CubeIDE/plugins/com.st.stm32cube.ide.mcu.externaltools.gnu-tools-for-stm32.11.3.rel1.win32_1.1.1.202309131626/tools/bin/../lib/gcc/arm-none-eabi/11.3.1/../../../../arm-none-eabi/lib/thumb/v7-m/nofp/crt0.o
LOAD ./Core/Src/app_trackmag.o
LOAD ./Core/Src/crc.o
LOAD ./Core/Src/dma.o
LOAD ./Core/Src/gpio.o
LOAD ./Core/Src/i2c.o
LOAD ./Core/Src/main.o
LOAD ./Core/Src/stm32f1xx_hal_msp.o
LOAD ./Core/Src/stm32f1xx_hal_timebase_tim.o
LOAD ./Core/Src/stm32f1xx_it.o
LOAD ./Core/Src/syscalls.o
LOAD ./Core/Src/sysmem.o
LOAD ./Core/Src/system_stm32f1xx.o
LOAD ./Core/Src/usart.o
LOAD ./Core/Startup/startup_stm32f103c8tx.o
LOAD ./Drivers/STM32F1xx_HAL_Driver/Src/stm32f1xx_hal.o
LOAD ./Drivers/STM32F1xx_HAL_Driver/Src/stm32f1xx_hal_cortex.o
LOAD ./Drivers/STM32F1xx_HAL_Driver/Src/stm32f1xx_hal_crc.o
LOAD ./Drivers/STM32F1xx_HAL_Driver/Src/stm32f1xx_hal_dma.o
LOAD ./Drivers/STM32F1xx_HAL_Driver/Src/stm32f1xx_hal_exti.o
LOAD ./Drivers/STM32F1xx_HAL_Driver/Src/stm32f1xx_hal_flash.o
LOAD ./Drivers/STM32F1xx_HAL_Driver/Src/stm32f1xx_hal_flash_ex.o
LOAD ./Drivers/STM32F1xx_HAL_Driver/Src/stm32f1xx_hal_gpio.o
LOAD ./Drivers/STM32F1xx_HAL_Driver/Src/stm32f1xx_hal_gpio_ex.o
LOAD ./Drivers/STM32F1xx_HAL_Driver/Src/stm32f1xx_hal_i2c.o
LOAD ./Drivers/STM32F1xx_HAL_Driver/Src/stm32f1xx_hal_pcd.o
LOAD ./Drivers/STM32F1xx_HAL_Driver/Src/stm32f1xx_hal_pcd_ex.o
LOAD ./Drivers/STM32F1xx_HAL_Driver/Src/stm32f1xx_hal_pwr.o
LOAD ./Drivers/STM32F1xx_HAL_Driver/Src/stm32f1xx_hal_rcc.o
LOAD ./Drivers/STM32F1xx_HAL_Driver/Src/stm32f1xx_hal_rcc_ex.o
LOAD ./Drivers/STM32F1xx_HAL_Driver/Src/stm32f1xx_hal_tim.o
LOAD ./Drivers/STM32F1xx_HAL_Driver/Src/stm32f1xx_hal_tim_ex.o
LOAD ./Drivers/STM32F1xx_HAL_Driver/Src/stm32f1xx_hal_uart.o
LOAD ./Drivers/STM32F1xx_HAL_Driver/Src/stm32f1xx_ll_usb.o
LOAD ./Drivers/lis2mdl-pid/lis2mdl_reg.o
LOAD ./Drivers/lsm6ds3tr-c-pid/lsm6ds3tr-c_reg.o
LOAD ./Middlewares/ST/STM32_USB_Device_Library/Class/CustomHID/Src/usbd_customhid.o
LOAD ./Middlewares/ST/STM32_USB_Device_Library/Core/Src/usbd_core.o
LOAD ./Middlewares/ST/STM32_USB_Device_Library/Core/Src/usbd_ctlreq.o
LOAD ./Middlewares/ST/STM32_USB_Device_Library/Core/Src/usbd_ioreq.o
LOAD ./USB_DEVICE/App/usb_device.o
LOAD ./USB_DEVICE/App/usbd_custom_hid_if.o
LOAD ./USB_DEVICE/App/usbd_desc.o
LOAD ./USB_DEVICE/Target/usbd_conf.o
LOAD ../Middlewares/ST/STM32_MotionFX_Library/Lib\MotionFX_CM3_wc32_ot.a
START GROUP
LOAD C:/ST/STM32CubeIDE_1.13.0/STM32CubeIDE/plugins/com.st.stm32cube.ide.mcu.externaltools.gnu-tools-for-stm32.11.3.rel1.win32_1.1.1.202309131626/tools/bin/../lib/gcc/arm-none-eabi/11.3.1/../../../../arm-none-eabi/lib/thumb/v7-m/nofp\libc_nano.a
LOAD C:/ST/STM32CubeIDE_1.13.0/STM32CubeIDE/plugins/com.st.stm32cube.ide.mcu.externaltools.gnu-tools-for-stm32.11.3.rel1.win32_1.1.1.202309131626/tools/bin/../lib/gcc/arm-none-eabi/11.3.1/../../../../arm-none-eabi/lib/thumb/v7-m/nofp\libm.a
END GROUP
START GROUP
LOAD C:/ST/STM32CubeIDE_1.13.0/STM32CubeIDE/plugins/com.st.stm32cube.ide.mcu.externaltools.gnu-tools-for-stm32.11.3.rel1.win32_1.1.1.202309131626/tools/bin/../lib/gcc/arm-none-eabi/11.3.1/thumb/v7-m/nofp\libgcc.a
LOAD C:/ST/STM32CubeIDE_1.13.0/STM32CubeIDE/plugins/com.st.stm32cube.ide.mcu.externaltools.gnu-tools-for-stm32.11.3.rel1.win32_1.1.1.202309131626/tools/bin/../lib/gcc/arm-none-eabi/11.3.1/../../../../arm-none-eabi/lib/thumb/v7-m/nofp\libc_nano.a
END GROUP
START GROUP
LOAD C:/ST/STM32CubeIDE_1.13.0/STM32CubeIDE/plugins/com.st.stm32cube.ide.mcu.externaltools.gnu-tools-for-stm32.11.3.rel1.win32_1.1.1.202309131626/tools/bin/../lib/gcc/arm-none-eabi/11.3.1/thumb/v7-m/nofp\libgcc.a
LOAD C:/ST/STM32CubeIDE_1.13.0/STM32CubeIDE/plugins/com.st.stm32cube.ide.mcu.externaltools.gnu-tools-for-stm32.11.3.rel1.win32_1.1.1.202309131626/tools/bin/../lib/gcc/arm-none-eabi/11.3.1/../../../../arm-none-eabi/lib/thumb/v7-m/nofp\libc_nano.a
LOAD C:/ST/STM32CubeIDE_1.13.0/STM32CubeIDE/plugins/com.st.stm32cube.ide.mcu.externaltools.gnu-tools-for-stm32.11.3.rel1.win32_1.1.1.202309131626/tools/bin/../lib/gcc/arm-none-eabi/11.3.1/../../../../arm-none-eabi/lib/thumb/v7-m/nofp\libnosys.a
END GROUP
START GROUP
LOAD C:/ST/STM32CubeIDE_1.13.0/STM32CubeIDE/plugins/com.st.stm32cube.ide.mcu.externaltools.gnu-tools-for-stm32.11.3.rel1.win32_1.1.1.202309131626/tools/bin/../lib/gcc/arm-none-eabi/11.3.1/thumb/v7-m/nofp\libgcc.a
LOAD C:/ST/STM32CubeIDE_1.13.0/STM32CubeIDE/plugins/com.st.stm32cube.ide.mcu.externaltools.gnu-tools-for-stm32.11.3.rel1.win32_1.1.1.202309131626/tools/bin/../lib/gcc/arm-none-eabi/11.3.1/../../../../arm-none-eabi/lib/thumb/v7-m/nofp\libc_nano.a
LOAD C:/ST/STM32CubeIDE_1.13.0/STM32CubeIDE/plugins/com.st.stm32cube.ide.mcu.externaltools.gnu-tools-for-stm32.11.3.rel1.win32_1.1.1.202309131626/tools/bin/../lib/gcc/arm-none-eabi/11.3.1/../../../../arm-none-eabi/lib/thumb/v7-m/nofp\libnosys.a
END GROUP
LOAD C:/ST/STM32CubeIDE_1.13.0/STM32CubeIDE/plugins/com.st.stm32cube.ide.mcu.externaltools.gnu-tools-for-stm32.11.3.rel1.win32_1.1.1.202309131626/tools/bin/../lib/gcc/arm-none-eabi/11.3.1/thumb/v7-m/nofp/crtend.o
LOAD C:/ST/STM32CubeIDE_1.13.0/STM32CubeIDE/plugins/com.st.stm32cube.ide.mcu.externaltools.gnu-tools-for-stm32.11.3.rel1.win32_1.1.1.202309131626/tools/bin/../lib/gcc/arm-none-eabi/11.3.1/thumb/v7-m/nofp/crtn.o
                0x0000000020005000                _estack = (ORIGIN (RAM) + LENGTH (RAM))
                0x0000000000000200                _Min_Heap_Size = 0x200
                0x0000000000000400                _Min_Stack_Size = 0x400

.isr_vector     0x0000000008001000      0x10c
                0x0000000008001000                . = ALIGN (0x4)
 *(.isr_vector)
 .isr_vector    0x0000000008001000      0x10c ./Core/Startup/startup_stm32f103c8tx.o
                0x0000000008001000                g_pfnVectors
                0x000000000800110c                . = ALIGN (0x4)

.text           0x0000000008001110    0x16400
                0x0000000008001110                . = ALIGN (0x4)
 *(.text)
 .text          0x0000000008001110       0x40 C:/ST/STM32CubeIDE_1.13.0/STM32CubeIDE/plugins/com.st.stm32cube.ide.mcu.externaltools.gnu-tools-for-stm32.11.3.rel1.win32_1.1.1.202309131626/tools/bin/../lib/gcc/arm-none-eabi/11.3.1/thumb/v7-m/nofp/crtbegin.o
 .text          0x0000000008001150       0x10 C:/ST/STM32CubeIDE_1.13.0/STM32CubeIDE/plugins/com.st.stm32cube.ide.mcu.externaltools.gnu-tools-for-stm32.11.3.rel1.win32_1.1.1.202309131626/tools/bin/../lib/gcc/arm-none-eabi/11.3.1/../../../../arm-none-eabi/lib/thumb/v7-m/nofp\libc_nano.a(libc_a-strlen.o)
                0x0000000008001150                strlen
 .text          0x0000000008001160      0x378 C:/ST/STM32CubeIDE_1.13.0/STM32CubeIDE/plugins/com.st.stm32cube.ide.mcu.externaltools.gnu-tools-for-stm32.11.3.rel1.win32_1.1.1.202309131626/tools/bin/../lib/gcc/arm-none-eabi/11.3.1/thumb/v7-m/nofp\libgcc.a(_arm_addsubdf3.o)
                0x0000000008001160                __aeabi_drsub
                0x0000000008001168                __aeabi_dsub
                0x0000000008001168                __subdf3
                0x000000000800116c                __aeabi_dadd
                0x000000000800116c                __adddf3
                0x00000000080013e4                __floatunsidf
                0x00000000080013e4                __aeabi_ui2d
                0x0000000008001404                __floatsidf
                0x0000000008001404                __aeabi_i2d
                0x0000000008001428                __aeabi_f2d
                0x0000000008001428                __extendsfdf2
                0x000000000800146c                __floatundidf
                0x000000000800146c                __aeabi_ul2d
                0x000000000800147c                __floatdidf
                0x000000000800147c                __aeabi_l2d
 .text          0x00000000080014d8      0x424 C:/ST/STM32CubeIDE_1.13.0/STM32CubeIDE/plugins/com.st.stm32cube.ide.mcu.externaltools.gnu-tools-for-stm32.11.3.rel1.win32_1.1.1.202309131626/tools/bin/../lib/gcc/arm-none-eabi/11.3.1/thumb/v7-m/nofp\libgcc.a(_arm_muldivdf3.o)
                0x00000000080014d8                __aeabi_dmul
                0x00000000080014d8                __muldf3
                0x000000000800172c                __divdf3
                0x000000000800172c                __aeabi_ddiv
 .text          0x00000000080018fc      0x110 C:/ST/STM32CubeIDE_1.13.0/STM32CubeIDE/plugins/com.st.stm32cube.ide.mcu.externaltools.gnu-tools-for-stm32.11.3.rel1.win32_1.1.1.202309131626/tools/bin/../lib/gcc/arm-none-eabi/11.3.1/thumb/v7-m/nofp\libgcc.a(_arm_cmpdf2.o)
                0x00000000080018fc                __gtdf2
                0x00000000080018fc                __gedf2
                0x0000000008001904                __ltdf2
                0x0000000008001904                __ledf2
                0x000000000800190c                __nedf2
                0x000000000800190c                __eqdf2
                0x000000000800190c                __cmpdf2
                0x0000000008001988                __aeabi_cdrcmple
                0x0000000008001998                __aeabi_cdcmpeq
                0x0000000008001998                __aeabi_cdcmple
                0x00000000080019a8                __aeabi_dcmpeq
                0x00000000080019bc                __aeabi_dcmplt
                0x00000000080019d0                __aeabi_dcmple
                0x00000000080019e4                __aeabi_dcmpge
                0x00000000080019f8                __aeabi_dcmpgt
 .text          0x0000000008001a0c       0x2c C:/ST/STM32CubeIDE_1.13.0/STM32CubeIDE/plugins/com.st.stm32cube.ide.mcu.externaltools.gnu-tools-for-stm32.11.3.rel1.win32_1.1.1.202309131626/tools/bin/../lib/gcc/arm-none-eabi/11.3.1/thumb/v7-m/nofp\libgcc.a(_arm_unorddf2.o)
                0x0000000008001a0c                __unorddf2
                0x0000000008001a0c                __aeabi_dcmpun
 .text          0x0000000008001a38       0x50 C:/ST/STM32CubeIDE_1.13.0/STM32CubeIDE/plugins/com.st.stm32cube.ide.mcu.externaltools.gnu-tools-for-stm32.11.3.rel1.win32_1.1.1.202309131626/tools/bin/../lib/gcc/arm-none-eabi/11.3.1/thumb/v7-m/nofp\libgcc.a(_arm_fixdfsi.o)
                0x0000000008001a38                __aeabi_d2iz
                0x0000000008001a38                __fixdfsi
 .text          0x0000000008001a88       0xa0 C:/ST/STM32CubeIDE_1.13.0/STM32CubeIDE/plugins/com.st.stm32cube.ide.mcu.externaltools.gnu-tools-for-stm32.11.3.rel1.win32_1.1.1.202309131626/tools/bin/../lib/gcc/arm-none-eabi/11.3.1/thumb/v7-m/nofp\libgcc.a(_arm_truncdfsf2.o)
                0x0000000008001a88                __truncdfsf2
                0x0000000008001a88                __aeabi_d2f
 .text          0x0000000008001b28      0x21c C:/ST/STM32CubeIDE_1.13.0/STM32CubeIDE/plugins/com.st.stm32cube.ide.mcu.externaltools.gnu-tools-for-stm32.11.3.rel1.win32_1.1.1.202309131626/tools/bin/../lib/gcc/arm-none-eabi/11.3.1/thumb/v7-m/nofp\libgcc.a(_arm_addsubsf3.o)
                0x0000000008001b28                __aeabi_frsub
                0x0000000008001b30                __subsf3
                0x0000000008001b30                __aeabi_fsub
                0x0000000008001b34                __aeabi_fadd
                0x0000000008001b34                __addsf3
                0x0000000008001c94                __aeabi_ui2f
                0x0000000008001c94                __floatunsisf
                0x0000000008001c9c                __aeabi_i2f
                0x0000000008001c9c                __floatsisf
                0x0000000008001cb8                __aeabi_ul2f
                0x0000000008001cb8                __floatundisf
                0x0000000008001cc8                __aeabi_l2f
                0x0000000008001cc8                __floatdisf
 .text          0x0000000008001d44      0x2a0 C:/ST/STM32CubeIDE_1.13.0/STM32CubeIDE/plugins/com.st.stm32cube.ide.mcu.externaltools.gnu-tools-for-stm32.11.3.rel1.win32_1.1.1.202309131626/tools/bin/../lib/gcc/arm-none-eabi/11.3.1/thumb/v7-m/nofp\libgcc.a(_arm_muldivsf3.o)
                0x0000000008001d44                __mulsf3
                0x0000000008001d44                __aeabi_fmul
                0x0000000008001eac                __aeabi_fdiv
                0x0000000008001eac                __divsf3
 .text          0x0000000008001fe4       0xec C:/ST/STM32CubeIDE_1.13.0/STM32CubeIDE/plugins/com.st.stm32cube.ide.mcu.externaltools.gnu-tools-for-stm32.11.3.rel1.win32_1.1.1.202309131626/tools/bin/../lib/gcc/arm-none-eabi/11.3.1/thumb/v7-m/nofp\libgcc.a(_arm_cmpsf2.o)
                0x0000000008001fe4                __gesf2
                0x0000000008001fe4                __gtsf2
                0x0000000008001fec                __lesf2
                0x0000000008001fec                __ltsf2
                0x0000000008001ff4                __nesf2
                0x0000000008001ff4                __eqsf2
                0x0000000008001ff4                __cmpsf2
                0x0000000008002054                __aeabi_cfrcmple
                0x000000000800205c                __aeabi_cfcmpeq
                0x000000000800205c                __aeabi_cfcmple
                0x000000000800206c                __aeabi_fcmpeq
                0x0000000008002080                __aeabi_fcmplt
                0x0000000008002094                __aeabi_fcmple
                0x00000000080020a8                __aeabi_fcmpge
                0x00000000080020bc                __aeabi_fcmpgt
 .text          0x00000000080020d0       0x2c C:/ST/STM32CubeIDE_1.13.0/STM32CubeIDE/plugins/com.st.stm32cube.ide.mcu.externaltools.gnu-tools-for-stm32.11.3.rel1.win32_1.1.1.202309131626/tools/bin/../lib/gcc/arm-none-eabi/11.3.1/thumb/v7-m/nofp\libgcc.a(_arm_unordsf2.o)
                0x00000000080020d0                __unordsf2
                0x00000000080020d0                __aeabi_fcmpun
 .text          0x00000000080020fc       0x4c C:/ST/STM32CubeIDE_1.13.0/STM32CubeIDE/plugins/com.st.stm32cube.ide.mcu.externaltools.gnu-tools-for-stm32.11.3.rel1.win32_1.1.1.202309131626/tools/bin/../lib/gcc/arm-none-eabi/11.3.1/thumb/v7-m/nofp\libgcc.a(_arm_fixsfsi.o)
                0x00000000080020fc                __aeabi_f2iz
                0x00000000080020fc                __fixsfsi
 .text          0x0000000008002148       0x40 C:/ST/STM32CubeIDE_1.13.0/STM32CubeIDE/plugins/com.st.stm32cube.ide.mcu.externaltools.gnu-tools-for-stm32.11.3.rel1.win32_1.1.1.202309131626/tools/bin/../lib/gcc/arm-none-eabi/11.3.1/thumb/v7-m/nofp\libgcc.a(_arm_fixunssfsi.o)
                0x0000000008002148                __fixunssfsi
                0x0000000008002148                __aeabi_f2uiz
 *(.text*)
 .text.platform_read
                0x0000000008002188       0x24 ./Core/Src/app_trackmag.o
 .text.platform_write
                0x00000000080021ac       0x24 ./Core/Src/app_trackmag.o
 .text.accel_gyro_data_read
                0x00000000080021d0       0x90 ./Core/Src/app_trackmag.o
 .text.magnetometer_data_read
                0x0000000008002260       0xa0 ./Core/Src/app_trackmag.o
 .text.app_update
                0x0000000008002300      0x4ec ./Core/Src/app_trackmag.o
                0x0000000008002300                app_update
 .text.HAL_GPIO_EXTI_Callback
                0x00000000080027ec       0x60 ./Core/Src/app_trackmag.o
                0x00000000080027ec                HAL_GPIO_EXTI_Callback
 .text.MX_CRC_Init
                0x000000000800284c       0x20 ./Core/Src/crc.o
                0x000000000800284c                MX_CRC_Init
 .text.HAL_CRC_MspInit
                0x000000000800286c       0x28 ./Core/Src/crc.o
                0x000000000800286c                HAL_CRC_MspInit
 .text.MX_DMA_Init
                0x0000000008002894       0x30 ./Core/Src/dma.o
                0x0000000008002894                MX_DMA_Init
 .text.MX_GPIO_Init
                0x00000000080028c4      0x104 ./Core/Src/gpio.o
                0x00000000080028c4                MX_GPIO_Init
 .text.MX_I2C2_Init
                0x00000000080029c8       0x3c ./Core/Src/i2c.o
                0x00000000080029c8                MX_I2C2_Init
 .text.HAL_I2C_MspInit
                0x0000000008002a04       0x64 ./Core/Src/i2c.o
                0x0000000008002a04                HAL_I2C_MspInit
 .text.SystemClock_Config
                0x0000000008002a68       0x82 ./Core/Src/main.o
                0x0000000008002a68                SystemClock_Config
 .text.startup.main
                0x0000000008002aea       0x32 ./Core/Src/main.o
                0x0000000008002aea                main
 .text.HAL_TIM_PeriodElapsedCallback
                0x0000000008002b1c       0x14 ./Core/Src/main.o
                0x0000000008002b1c                HAL_TIM_PeriodElapsedCallback
 .text.Error_Handler
                0x0000000008002b30        0x4 ./Core/Src/main.o
                0x0000000008002b30                Error_Handler
 .text.HAL_MspInit
                0x0000000008002b34       0x44 ./Core/Src/stm32f1xx_hal_msp.o
                0x0000000008002b34                HAL_MspInit
 .text.HAL_InitTick
                0x0000000008002b78       0x90 ./Core/Src/stm32f1xx_hal_timebase_tim.o
                0x0000000008002b78                HAL_InitTick
 .text.NMI_Handler
                0x0000000008002c08        0x2 ./Core/Src/stm32f1xx_it.o
                0x0000000008002c08                NMI_Handler
 .text.HardFault_Handler
                0x0000000008002c0a        0x2 ./Core/Src/stm32f1xx_it.o
                0x0000000008002c0a                HardFault_Handler
 .text.MemManage_Handler
                0x0000000008002c0c        0x2 ./Core/Src/stm32f1xx_it.o
                0x0000000008002c0c                MemManage_Handler
 .text.BusFault_Handler
                0x0000000008002c0e        0x2 ./Core/Src/stm32f1xx_it.o
                0x0000000008002c0e                BusFault_Handler
 .text.UsageFault_Handler
                0x0000000008002c10        0x2 ./Core/Src/stm32f1xx_it.o
                0x0000000008002c10                UsageFault_Handler
 .text.SVC_Handler
                0x0000000008002c12        0x2 ./Core/Src/stm32f1xx_it.o
                0x0000000008002c12                SVC_Handler
 .text.DebugMon_Handler
                0x0000000008002c14        0x2 ./Core/Src/stm32f1xx_it.o
                0x0000000008002c14                DebugMon_Handler
 .text.PendSV_Handler
                0x0000000008002c16        0x2 ./Core/Src/stm32f1xx_it.o
                0x0000000008002c16                PendSV_Handler
 .text.SysTick_Handler
                0x0000000008002c18        0x2 ./Core/Src/stm32f1xx_it.o
                0x0000000008002c18                SysTick_Handler
 *fill*         0x0000000008002c1a        0x2 
 .text.DMA1_Channel7_IRQHandler
                0x0000000008002c1c        0xc ./Core/Src/stm32f1xx_it.o
                0x0000000008002c1c                DMA1_Channel7_IRQHandler
 .text.USB_LP_CAN1_RX0_IRQHandler
                0x0000000008002c28        0xc ./Core/Src/stm32f1xx_it.o
                0x0000000008002c28                USB_LP_CAN1_RX0_IRQHandler
 .text.EXTI9_5_IRQHandler
                0x0000000008002c34        0x6 ./Core/Src/stm32f1xx_it.o
                0x0000000008002c34                EXTI9_5_IRQHandler
 *fill*         0x0000000008002c3a        0x2 
 .text.TIM1_UP_IRQHandler
                0x0000000008002c3c        0xc ./Core/Src/stm32f1xx_it.o
                0x0000000008002c3c                TIM1_UP_IRQHandler
 .text.USART2_IRQHandler
                0x0000000008002c48        0xc ./Core/Src/stm32f1xx_it.o
                0x0000000008002c48                USART2_IRQHandler
 .text.EXTI15_10_IRQHandler
                0x0000000008002c54       0x16 ./Core/Src/stm32f1xx_it.o
                0x0000000008002c54                EXTI15_10_IRQHandler
 .text._getpid  0x0000000008002c6a        0x4 ./Core/Src/syscalls.o
                0x0000000008002c6a                _getpid
 .text._kill    0x0000000008002c6e       0x10 ./Core/Src/syscalls.o
                0x0000000008002c6e                _kill
 .text._exit    0x0000000008002c7e        0xc ./Core/Src/syscalls.o
                0x0000000008002c7e                _exit
 .text._read    0x0000000008002c8a       0x1c ./Core/Src/syscalls.o
                0x0000000008002c8a                _read
 .text._write   0x0000000008002ca6       0x1c ./Core/Src/syscalls.o
                0x0000000008002ca6                _write
 .text._close   0x0000000008002cc2        0x6 ./Core/Src/syscalls.o
                0x0000000008002cc2                _close
 .text._fstat   0x0000000008002cc8        0xa ./Core/Src/syscalls.o
                0x0000000008002cc8                _fstat
 .text._isatty  0x0000000008002cd2        0x4 ./Core/Src/syscalls.o
                0x0000000008002cd2                _isatty
 .text._lseek   0x0000000008002cd6        0x4 ./Core/Src/syscalls.o
                0x0000000008002cd6                _lseek
 *fill*         0x0000000008002cda        0x2 
 .text._sbrk    0x0000000008002cdc       0x40 ./Core/Src/sysmem.o
                0x0000000008002cdc                _sbrk
 .text.SystemInit
                0x0000000008002d1c        0x2 ./Core/Src/system_stm32f1xx.o
                0x0000000008002d1c                SystemInit
 *fill*         0x0000000008002d1e        0x2 
 .text.MX_USART2_UART_Init
                0x0000000008002d20       0x38 ./Core/Src/usart.o
                0x0000000008002d20                MX_USART2_UART_Init
 .text.HAL_UART_MspInit
                0x0000000008002d58       0xb4 ./Core/Src/usart.o
                0x0000000008002d58                HAL_UART_MspInit
 .text.Reset_Handler
                0x0000000008002e0c       0x48 ./Core/Startup/startup_stm32f103c8tx.o
                0x0000000008002e0c                Reset_Handler
 .text.Default_Handler
                0x0000000008002e54        0x2 ./Core/Startup/startup_stm32f103c8tx.o
                0x0000000008002e54                RTC_Alarm_IRQHandler
                0x0000000008002e54                EXTI2_IRQHandler
                0x0000000008002e54                TIM1_CC_IRQHandler
                0x0000000008002e54                PVD_IRQHandler
                0x0000000008002e54                EXTI3_IRQHandler
                0x0000000008002e54                EXTI0_IRQHandler
                0x0000000008002e54                I2C2_EV_IRQHandler
                0x0000000008002e54                ADC1_2_IRQHandler
                0x0000000008002e54                SPI1_IRQHandler
                0x0000000008002e54                TAMPER_IRQHandler
                0x0000000008002e54                DMA1_Channel4_IRQHandler
                0x0000000008002e54                USART3_IRQHandler
                0x0000000008002e54                RTC_IRQHandler
                0x0000000008002e54                CAN1_RX1_IRQHandler
                0x0000000008002e54                TIM4_IRQHandler
                0x0000000008002e54                I2C1_EV_IRQHandler
                0x0000000008002e54                DMA1_Channel6_IRQHandler
                0x0000000008002e54                TIM3_IRQHandler
                0x0000000008002e54                RCC_IRQHandler
                0x0000000008002e54                TIM1_TRG_COM_IRQHandler
                0x0000000008002e54                DMA1_Channel1_IRQHandler
                0x0000000008002e54                Default_Handler
                0x0000000008002e54                SPI2_IRQHandler
                0x0000000008002e54                DMA1_Channel5_IRQHandler
                0x0000000008002e54                EXTI4_IRQHandler
                0x0000000008002e54                USB_HP_CAN1_TX_IRQHandler
                0x0000000008002e54                DMA1_Channel3_IRQHandler
                0x0000000008002e54                WWDG_IRQHandler
                0x0000000008002e54                TIM2_IRQHandler
                0x0000000008002e54                TIM1_BRK_IRQHandler
                0x0000000008002e54                EXTI1_IRQHandler
                0x0000000008002e54                I2C2_ER_IRQHandler
                0x0000000008002e54                DMA1_Channel2_IRQHandler
                0x0000000008002e54                CAN1_SCE_IRQHandler
                0x0000000008002e54                FLASH_IRQHandler
                0x0000000008002e54                USART1_IRQHandler
                0x0000000008002e54                I2C1_ER_IRQHandler
                0x0000000008002e54                USBWakeUp_IRQHandler
 *fill*         0x0000000008002e56        0x2 
 .text.HAL_Init
                0x0000000008002e58       0x24 ./Drivers/STM32F1xx_HAL_Driver/Src/stm32f1xx_hal.o
                0x0000000008002e58                HAL_Init
 .text.HAL_IncTick
                0x0000000008002e7c       0x18 ./Drivers/STM32F1xx_HAL_Driver/Src/stm32f1xx_hal.o
                0x0000000008002e7c                HAL_IncTick
 .text.HAL_GetTick
                0x0000000008002e94        0xc ./Drivers/STM32F1xx_HAL_Driver/Src/stm32f1xx_hal.o
                0x0000000008002e94                HAL_GetTick
 .text.HAL_Delay
                0x0000000008002ea0       0x24 ./Drivers/STM32F1xx_HAL_Driver/Src/stm32f1xx_hal.o
                0x0000000008002ea0                HAL_Delay
 .text.HAL_NVIC_SetPriorityGrouping
                0x0000000008002ec4       0x24 ./Drivers/STM32F1xx_HAL_Driver/Src/stm32f1xx_hal_cortex.o
                0x0000000008002ec4                HAL_NVIC_SetPriorityGrouping
 .text.HAL_NVIC_SetPriority
                0x0000000008002ee8       0x60 ./Drivers/STM32F1xx_HAL_Driver/Src/stm32f1xx_hal_cortex.o
                0x0000000008002ee8                HAL_NVIC_SetPriority
 .text.HAL_NVIC_EnableIRQ
                0x0000000008002f48       0x1c ./Drivers/STM32F1xx_HAL_Driver/Src/stm32f1xx_hal_cortex.o
                0x0000000008002f48                HAL_NVIC_EnableIRQ
 .text.HAL_CRC_Init
                0x0000000008002f64       0x20 ./Drivers/STM32F1xx_HAL_Driver/Src/stm32f1xx_hal_crc.o
                0x0000000008002f64                HAL_CRC_Init
 .text.HAL_DMA_Init
                0x0000000008002f84       0x64 ./Drivers/STM32F1xx_HAL_Driver/Src/stm32f1xx_hal_dma.o
                0x0000000008002f84                HAL_DMA_Init
 .text.HAL_DMA_Start_IT
                0x0000000008002fe8       0x7e ./Drivers/STM32F1xx_HAL_Driver/Src/stm32f1xx_hal_dma.o
                0x0000000008002fe8                HAL_DMA_Start_IT
 .text.HAL_DMA_Abort
                0x0000000008003066       0x3e ./Drivers/STM32F1xx_HAL_Driver/Src/stm32f1xx_hal_dma.o
                0x0000000008003066                HAL_DMA_Abort
 .text.HAL_DMA_Abort_IT
                0x00000000080030a4       0x90 ./Drivers/STM32F1xx_HAL_Driver/Src/stm32f1xx_hal_dma.o
                0x00000000080030a4                HAL_DMA_Abort_IT
 .text.HAL_DMA_IRQHandler
                0x0000000008003134      0x128 ./Drivers/STM32F1xx_HAL_Driver/Src/stm32f1xx_hal_dma.o
                0x0000000008003134                HAL_DMA_IRQHandler
 .text.FLASH_SetErrorCode
                0x000000000800325c       0x50 ./Drivers/STM32F1xx_HAL_Driver/Src/stm32f1xx_hal_flash.o
 .text.HAL_FLASH_Unlock
                0x00000000080032ac       0x24 ./Drivers/STM32F1xx_HAL_Driver/Src/stm32f1xx_hal_flash.o
                0x00000000080032ac                HAL_FLASH_Unlock
 .text.HAL_FLASH_Lock
                0x00000000080032d0       0x14 ./Drivers/STM32F1xx_HAL_Driver/Src/stm32f1xx_hal_flash.o
                0x00000000080032d0                HAL_FLASH_Lock
 .text.FLASH_WaitForLastOperation
                0x00000000080032e4       0x54 ./Drivers/STM32F1xx_HAL_Driver/Src/stm32f1xx_hal_flash.o
                0x00000000080032e4                FLASH_WaitForLastOperation
 .text.HAL_FLASH_Program
                0x0000000008003338       0xa4 ./Drivers/STM32F1xx_HAL_Driver/Src/stm32f1xx_hal_flash.o
                0x0000000008003338                HAL_FLASH_Program
 .text.FLASH_PageErase
                0x00000000080033dc       0x24 ./Drivers/STM32F1xx_HAL_Driver/Src/stm32f1xx_hal_flash_ex.o
                0x00000000080033dc                FLASH_PageErase
 .text.HAL_FLASHEx_Erase
                0x0000000008003400       0xa8 ./Drivers/STM32F1xx_HAL_Driver/Src/stm32f1xx_hal_flash_ex.o
                0x0000000008003400                HAL_FLASHEx_Erase
 .text.HAL_GPIO_Init
                0x00000000080034a8      0x1b4 ./Drivers/STM32F1xx_HAL_Driver/Src/stm32f1xx_hal_gpio.o
                0x00000000080034a8                HAL_GPIO_Init
 .text.HAL_GPIO_ReadPin
                0x000000000800365c        0xc ./Drivers/STM32F1xx_HAL_Driver/Src/stm32f1xx_hal_gpio.o
                0x000000000800365c                HAL_GPIO_ReadPin
 .text.HAL_GPIO_EXTI_IRQHandler
                0x0000000008003668       0x18 ./Drivers/STM32F1xx_HAL_Driver/Src/stm32f1xx_hal_gpio.o
                0x0000000008003668                HAL_GPIO_EXTI_IRQHandler
 .text.I2C_IsAcknowledgeFailed
                0x0000000008003680       0x32 ./Drivers/STM32F1xx_HAL_Driver/Src/stm32f1xx_hal_i2c.o
 .text.I2C_WaitOnFlagUntilTimeout
                0x00000000080036b2       0x80 ./Drivers/STM32F1xx_HAL_Driver/Src/stm32f1xx_hal_i2c.o
 .text.I2C_WaitOnMasterAddressFlagUntilTimeout
                0x0000000008003732       0x84 ./Drivers/STM32F1xx_HAL_Driver/Src/stm32f1xx_hal_i2c.o
 .text.I2C_WaitOnTXEFlagUntilTimeout
                0x00000000080037b6       0x54 ./Drivers/STM32F1xx_HAL_Driver/Src/stm32f1xx_hal_i2c.o
 *fill*         0x000000000800380a        0x2 
 .text.I2C_RequestMemoryWrite
                0x000000000800380c       0xb0 ./Drivers/STM32F1xx_HAL_Driver/Src/stm32f1xx_hal_i2c.o
 .text.I2C_RequestMemoryRead
                0x00000000080038bc      0x104 ./Drivers/STM32F1xx_HAL_Driver/Src/stm32f1xx_hal_i2c.o
 .text.I2C_WaitOnBTFFlagUntilTimeout
                0x00000000080039c0       0x54 ./Drivers/STM32F1xx_HAL_Driver/Src/stm32f1xx_hal_i2c.o
 .text.I2C_WaitOnRXNEFlagUntilTimeout
                0x0000000008003a14       0x66 ./Drivers/STM32F1xx_HAL_Driver/Src/stm32f1xx_hal_i2c.o
 *fill*         0x0000000008003a7a        0x2 
 .text.HAL_I2C_Init
                0x0000000008003a7c      0x150 ./Drivers/STM32F1xx_HAL_Driver/Src/stm32f1xx_hal_i2c.o
                0x0000000008003a7c                HAL_I2C_Init
 .text.HAL_I2C_Mem_Write
                0x0000000008003bcc      0x120 ./Drivers/STM32F1xx_HAL_Driver/Src/stm32f1xx_hal_i2c.o
                0x0000000008003bcc                HAL_I2C_Mem_Write
 .text.HAL_I2C_Mem_Read
                0x0000000008003cec      0x27c ./Drivers/STM32F1xx_HAL_Driver/Src/stm32f1xx_hal_i2c.o
                0x0000000008003cec                HAL_I2C_Mem_Read
 .text.HAL_PCD_Init
                0x0000000008003f68       0xf0 ./Drivers/STM32F1xx_HAL_Driver/Src/stm32f1xx_hal_pcd.o
                0x0000000008003f68                HAL_PCD_Init
 .text.HAL_PCD_Start
                0x0000000008004058       0x32 ./Drivers/STM32F1xx_HAL_Driver/Src/stm32f1xx_hal_pcd.o
                0x0000000008004058                HAL_PCD_Start
 .text.HAL_PCD_SetAddress
                0x000000000800408a       0x28 ./Drivers/STM32F1xx_HAL_Driver/Src/stm32f1xx_hal_pcd.o
                0x000000000800408a                HAL_PCD_SetAddress
 *fill*         0x00000000080040b2        0x2 
 .text.HAL_PCD_IRQHandler
                0x00000000080040b4      0x9b4 ./Drivers/STM32F1xx_HAL_Driver/Src/stm32f1xx_hal_pcd.o
                0x00000000080040b4                HAL_PCD_IRQHandler
 .text.HAL_PCD_EP_Open
                0x0000000008004a68       0x60 ./Drivers/STM32F1xx_HAL_Driver/Src/stm32f1xx_hal_pcd.o
                0x0000000008004a68                HAL_PCD_EP_Open
 .text.HAL_PCD_EP_Close
                0x0000000008004ac8       0x52 ./Drivers/STM32F1xx_HAL_Driver/Src/stm32f1xx_hal_pcd.o
                0x0000000008004ac8                HAL_PCD_EP_Close
 .text.HAL_PCD_EP_Receive
                0x0000000008004b1a       0x2e ./Drivers/STM32F1xx_HAL_Driver/Src/stm32f1xx_hal_pcd.o
                0x0000000008004b1a                HAL_PCD_EP_Receive
 .text.HAL_PCD_EP_Transmit
                0x0000000008004b48       0x34 ./Drivers/STM32F1xx_HAL_Driver/Src/stm32f1xx_hal_pcd.o
                0x0000000008004b48                HAL_PCD_EP_Transmit
 .text.HAL_PCD_EP_SetStall
                0x0000000008004b7c       0x68 ./Drivers/STM32F1xx_HAL_Driver/Src/stm32f1xx_hal_pcd.o
                0x0000000008004b7c                HAL_PCD_EP_SetStall
 .text.HAL_PCD_EP_ClrStall
                0x0000000008004be4       0x64 ./Drivers/STM32F1xx_HAL_Driver/Src/stm32f1xx_hal_pcd.o
                0x0000000008004be4                HAL_PCD_EP_ClrStall
 .text.HAL_PCDEx_PMAConfig
                0x0000000008004c48       0x32 ./Drivers/STM32F1xx_HAL_Driver/Src/stm32f1xx_hal_pcd_ex.o
                0x0000000008004c48                HAL_PCDEx_PMAConfig
 *fill*         0x0000000008004c7a        0x2 
 .text.HAL_RCC_OscConfig
                0x0000000008004c7c      0x338 ./Drivers/STM32F1xx_HAL_Driver/Src/stm32f1xx_hal_rcc.o
                0x0000000008004c7c                HAL_RCC_OscConfig
 .text.HAL_RCC_GetSysClockFreq
                0x0000000008004fb4       0x58 ./Drivers/STM32F1xx_HAL_Driver/Src/stm32f1xx_hal_rcc.o
                0x0000000008004fb4                HAL_RCC_GetSysClockFreq
 .text.HAL_RCC_ClockConfig
                0x000000000800500c      0x138 ./Drivers/STM32F1xx_HAL_Driver/Src/stm32f1xx_hal_rcc.o
                0x000000000800500c                HAL_RCC_ClockConfig
 .text.HAL_RCC_GetPCLK1Freq
                0x0000000008005144       0x20 ./Drivers/STM32F1xx_HAL_Driver/Src/stm32f1xx_hal_rcc.o
                0x0000000008005144                HAL_RCC_GetPCLK1Freq
 .text.HAL_RCC_GetPCLK2Freq
                0x0000000008005164       0x20 ./Drivers/STM32F1xx_HAL_Driver/Src/stm32f1xx_hal_rcc.o
                0x0000000008005164                HAL_RCC_GetPCLK2Freq
 .text.HAL_RCC_GetClockConfig
                0x0000000008005184       0x3c ./Drivers/STM32F1xx_HAL_Driver/Src/stm32f1xx_hal_rcc.o
                0x0000000008005184                HAL_RCC_GetClockConfig
 .text.HAL_RCCEx_PeriphCLKConfig
                0x00000000080051c0       0xf4 ./Drivers/STM32F1xx_HAL_Driver/Src/stm32f1xx_hal_rcc_ex.o
                0x00000000080051c0                HAL_RCCEx_PeriphCLKConfig
 .text.HAL_TIM_Base_MspInit
                0x00000000080052b4        0x2 ./Drivers/STM32F1xx_HAL_Driver/Src/stm32f1xx_hal_tim.o
                0x00000000080052b4                HAL_TIM_Base_MspInit
 *fill*         0x00000000080052b6        0x2 
 .text.HAL_TIM_Base_Start_IT
                0x00000000080052b8       0x54 ./Drivers/STM32F1xx_HAL_Driver/Src/stm32f1xx_hal_tim.o
                0x00000000080052b8                HAL_TIM_Base_Start_IT
 .text.HAL_TIM_OC_DelayElapsedCallback
                0x000000000800530c        0x2 ./Drivers/STM32F1xx_HAL_Driver/Src/stm32f1xx_hal_tim.o
                0x000000000800530c                HAL_TIM_OC_DelayElapsedCallback
 .text.HAL_TIM_IC_CaptureCallback
                0x000000000800530e        0x2 ./Drivers/STM32F1xx_HAL_Driver/Src/stm32f1xx_hal_tim.o
                0x000000000800530e                HAL_TIM_IC_CaptureCallback
 .text.HAL_TIM_PWM_PulseFinishedCallback
                0x0000000008005310        0x2 ./Drivers/STM32F1xx_HAL_Driver/Src/stm32f1xx_hal_tim.o
                0x0000000008005310                HAL_TIM_PWM_PulseFinishedCallback
 .text.HAL_TIM_TriggerCallback
                0x0000000008005312        0x2 ./Drivers/STM32F1xx_HAL_Driver/Src/stm32f1xx_hal_tim.o
                0x0000000008005312                HAL_TIM_TriggerCallback
 .text.HAL_TIM_IRQHandler
                0x0000000008005314      0x144 ./Drivers/STM32F1xx_HAL_Driver/Src/stm32f1xx_hal_tim.o
                0x0000000008005314                HAL_TIM_IRQHandler
 .text.TIM_Base_SetConfig
                0x0000000008005458       0x70 ./Drivers/STM32F1xx_HAL_Driver/Src/stm32f1xx_hal_tim.o
                0x0000000008005458                TIM_Base_SetConfig
 .text.HAL_TIM_Base_Init
                0x00000000080054c8       0x58 ./Drivers/STM32F1xx_HAL_Driver/Src/stm32f1xx_hal_tim.o
                0x00000000080054c8                HAL_TIM_Base_Init
 .text.HAL_TIMEx_CommutCallback
                0x0000000008005520        0x2 ./Drivers/STM32F1xx_HAL_Driver/Src/stm32f1xx_hal_tim_ex.o
                0x0000000008005520                HAL_TIMEx_CommutCallback
 .text.HAL_TIMEx_BreakCallback
                0x0000000008005522        0x2 ./Drivers/STM32F1xx_HAL_Driver/Src/stm32f1xx_hal_tim_ex.o
                0x0000000008005522                HAL_TIMEx_BreakCallback
 .text.UART_EndRxTransfer
                0x0000000008005524       0x5c ./Drivers/STM32F1xx_HAL_Driver/Src/stm32f1xx_hal_uart.o
 .text.UART_SetConfig
                0x0000000008005580       0x74 ./Drivers/STM32F1xx_HAL_Driver/Src/stm32f1xx_hal_uart.o
 .text.HAL_UART_Init
                0x00000000080055f4       0x5e ./Drivers/STM32F1xx_HAL_Driver/Src/stm32f1xx_hal_uart.o
                0x00000000080055f4                HAL_UART_Init
 *fill*         0x0000000008005652        0x2 
 .text.HAL_UART_Transmit_DMA
                0x0000000008005654       0x74 ./Drivers/STM32F1xx_HAL_Driver/Src/stm32f1xx_hal_uart.o
                0x0000000008005654                HAL_UART_Transmit_DMA
 .text.HAL_UART_TxCpltCallback
                0x00000000080056c8        0x2 ./Drivers/STM32F1xx_HAL_Driver/Src/stm32f1xx_hal_uart.o
                0x00000000080056c8                HAL_UART_TxCpltCallback
 .text.UART_DMATransmitCplt
                0x00000000080056ca       0x4c ./Drivers/STM32F1xx_HAL_Driver/Src/stm32f1xx_hal_uart.o
 .text.HAL_UART_TxHalfCpltCallback
                0x0000000008005716        0x2 ./Drivers/STM32F1xx_HAL_Driver/Src/stm32f1xx_hal_uart.o
                0x0000000008005716                HAL_UART_TxHalfCpltCallback
 .text.UART_DMATxHalfCplt
                0x0000000008005718        0xa ./Drivers/STM32F1xx_HAL_Driver/Src/stm32f1xx_hal_uart.o
 .text.HAL_UART_RxCpltCallback
                0x0000000008005722        0x2 ./Drivers/STM32F1xx_HAL_Driver/Src/stm32f1xx_hal_uart.o
                0x0000000008005722                HAL_UART_RxCpltCallback
 .text.HAL_UART_ErrorCallback
                0x0000000008005724        0x2 ./Drivers/STM32F1xx_HAL_Driver/Src/stm32f1xx_hal_uart.o
                0x0000000008005724                HAL_UART_ErrorCallback
 .text.UART_DMAError
                0x0000000008005726       0x5a ./Drivers/STM32F1xx_HAL_Driver/Src/stm32f1xx_hal_uart.o
 .text.UART_DMAAbortOnError
                0x0000000008005780       0x10 ./Drivers/STM32F1xx_HAL_Driver/Src/stm32f1xx_hal_uart.o
 .text.HAL_UARTEx_RxEventCallback
                0x0000000008005790        0x2 ./Drivers/STM32F1xx_HAL_Driver/Src/stm32f1xx_hal_uart.o
                0x0000000008005790                HAL_UARTEx_RxEventCallback
 .text.UART_Receive_IT.isra.0
                0x0000000008005792       0xb6 ./Drivers/STM32F1xx_HAL_Driver/Src/stm32f1xx_hal_uart.o
 .text.HAL_UART_IRQHandler
                0x0000000008005848      0x294 ./Drivers/STM32F1xx_HAL_Driver/Src/stm32f1xx_hal_uart.o
                0x0000000008005848                HAL_UART_IRQHandler
 .text.USB_CoreInit
                0x0000000008005adc        0xe ./Drivers/STM32F1xx_HAL_Driver/Src/stm32f1xx_ll_usb.o
                0x0000000008005adc                USB_CoreInit
 .text.USB_EnableGlobalInt
                0x0000000008005aea       0x12 ./Drivers/STM32F1xx_HAL_Driver/Src/stm32f1xx_ll_usb.o
                0x0000000008005aea                USB_EnableGlobalInt
 .text.USB_DisableGlobalInt
                0x0000000008005afc       0x14 ./Drivers/STM32F1xx_HAL_Driver/Src/stm32f1xx_ll_usb.o
                0x0000000008005afc                USB_DisableGlobalInt
 .text.USB_SetCurrentMode
                0x0000000008005b10        0x4 ./Drivers/STM32F1xx_HAL_Driver/Src/stm32f1xx_ll_usb.o
                0x0000000008005b10                USB_SetCurrentMode
 .text.USB_DevInit
                0x0000000008005b14       0x28 ./Drivers/STM32F1xx_HAL_Driver/Src/stm32f1xx_ll_usb.o
                0x0000000008005b14                USB_DevInit
 .text.USB_ActivateEndpoint
                0x0000000008005b3c      0x2c0 ./Drivers/STM32F1xx_HAL_Driver/Src/stm32f1xx_ll_usb.o
                0x0000000008005b3c                USB_ActivateEndpoint
 .text.USB_DeactivateEndpoint
                0x0000000008005dfc      0x1a6 ./Drivers/STM32F1xx_HAL_Driver/Src/stm32f1xx_ll_usb.o
                0x0000000008005dfc                USB_DeactivateEndpoint
 .text.USB_EPSetStall
                0x0000000008005fa2       0x40 ./Drivers/STM32F1xx_HAL_Driver/Src/stm32f1xx_ll_usb.o
                0x0000000008005fa2                USB_EPSetStall
 .text.USB_EPClearStall
                0x0000000008005fe2       0x92 ./Drivers/STM32F1xx_HAL_Driver/Src/stm32f1xx_ll_usb.o
                0x0000000008005fe2                USB_EPClearStall
 .text.USB_SetDevAddress
                0x0000000008006074        0xc ./Drivers/STM32F1xx_HAL_Driver/Src/stm32f1xx_ll_usb.o
                0x0000000008006074                USB_SetDevAddress
 .text.USB_DevConnect
                0x0000000008006080        0x4 ./Drivers/STM32F1xx_HAL_Driver/Src/stm32f1xx_ll_usb.o
                0x0000000008006080                USB_DevConnect
 .text.USB_DevDisconnect
                0x0000000008006084        0x4 ./Drivers/STM32F1xx_HAL_Driver/Src/stm32f1xx_ll_usb.o
                0x0000000008006084                USB_DevDisconnect
 .text.USB_ReadInterrupts
                0x0000000008006088        0x8 ./Drivers/STM32F1xx_HAL_Driver/Src/stm32f1xx_ll_usb.o
                0x0000000008006088                USB_ReadInterrupts
 .text.USB_EP0_OutStart
                0x0000000008006090        0x4 ./Drivers/STM32F1xx_HAL_Driver/Src/stm32f1xx_ll_usb.o
                0x0000000008006090                USB_EP0_OutStart
 .text.USB_WritePMA
                0x0000000008006094       0x20 ./Drivers/STM32F1xx_HAL_Driver/Src/stm32f1xx_ll_usb.o
                0x0000000008006094                USB_WritePMA
 .text.USB_EPStartXfer
                0x00000000080060b4      0x430 ./Drivers/STM32F1xx_HAL_Driver/Src/stm32f1xx_ll_usb.o
                0x00000000080060b4                USB_EPStartXfer
 .text.USB_ReadPMA
                0x00000000080064e4       0x38 ./Drivers/STM32F1xx_HAL_Driver/Src/stm32f1xx_ll_usb.o
                0x00000000080064e4                USB_ReadPMA
 .text.lis2mdl_read_reg
                0x000000000800651c        0xc ./Drivers/lis2mdl-pid/lis2mdl_reg.o
                0x000000000800651c                lis2mdl_read_reg
 .text.lis2mdl_write_reg
                0x0000000008006528        0xc ./Drivers/lis2mdl-pid/lis2mdl_reg.o
                0x0000000008006528                lis2mdl_write_reg
 .text.lis2mdl_from_lsb_to_mgauss
                0x0000000008006534       0x10 ./Drivers/lis2mdl-pid/lis2mdl_reg.o
                0x0000000008006534                lis2mdl_from_lsb_to_mgauss
 .text.lis2mdl_operating_mode_set
                0x0000000008006544       0x2e ./Drivers/lis2mdl-pid/lis2mdl_reg.o
                0x0000000008006544                lis2mdl_operating_mode_set
 .text.lis2mdl_data_rate_set
                0x0000000008006572       0x2e ./Drivers/lis2mdl-pid/lis2mdl_reg.o
                0x0000000008006572                lis2mdl_data_rate_set
 .text.lis2mdl_offset_temp_comp_set
                0x00000000080065a0       0x2e ./Drivers/lis2mdl-pid/lis2mdl_reg.o
                0x00000000080065a0                lis2mdl_offset_temp_comp_set
 .text.lis2mdl_low_pass_bandwidth_set
                0x00000000080065ce       0x2e ./Drivers/lis2mdl-pid/lis2mdl_reg.o
                0x00000000080065ce                lis2mdl_low_pass_bandwidth_set
 .text.lis2mdl_block_data_update_set
                0x00000000080065fc       0x2e ./Drivers/lis2mdl-pid/lis2mdl_reg.o
                0x00000000080065fc                lis2mdl_block_data_update_set
 .text.lis2mdl_magnetic_raw_get
                0x000000000800662a       0x3c ./Drivers/lis2mdl-pid/lis2mdl_reg.o
                0x000000000800662a                lis2mdl_magnetic_raw_get
 .text.lis2mdl_device_id_get
                0x0000000008006666        0xe ./Drivers/lis2mdl-pid/lis2mdl_reg.o
                0x0000000008006666                lis2mdl_device_id_get
 .text.lis2mdl_drdy_on_pin_set
                0x0000000008006674       0x2e ./Drivers/lis2mdl-pid/lis2mdl_reg.o
                0x0000000008006674                lis2mdl_drdy_on_pin_set
 .text.lsm6ds3tr_c_read_reg
                0x00000000080066a2        0xc ./Drivers/lsm6ds3tr-c-pid/lsm6ds3tr-c_reg.o
                0x00000000080066a2                lsm6ds3tr_c_read_reg
 .text.lsm6ds3tr_c_write_reg
                0x00000000080066ae        0xc ./Drivers/lsm6ds3tr-c-pid/lsm6ds3tr-c_reg.o
                0x00000000080066ae                lsm6ds3tr_c_write_reg
 *fill*         0x00000000080066ba        0x2 
 .text.lsm6ds3tr_c_from_fs4g_to_mg
                0x00000000080066bc       0x14 ./Drivers/lsm6ds3tr-c-pid/lsm6ds3tr-c_reg.o
                0x00000000080066bc                lsm6ds3tr_c_from_fs4g_to_mg
 .text.lsm6ds3tr_c_from_fs2000dps_to_mdps
                0x00000000080066d0       0x14 ./Drivers/lsm6ds3tr-c-pid/lsm6ds3tr-c_reg.o
                0x00000000080066d0                lsm6ds3tr_c_from_fs2000dps_to_mdps
 .text.lsm6ds3tr_c_xl_full_scale_set
                0x00000000080066e4       0x2e ./Drivers/lsm6ds3tr-c-pid/lsm6ds3tr-c_reg.o
                0x00000000080066e4                lsm6ds3tr_c_xl_full_scale_set
 .text.lsm6ds3tr_c_xl_data_rate_set
                0x0000000008006712       0x2e ./Drivers/lsm6ds3tr-c-pid/lsm6ds3tr-c_reg.o
                0x0000000008006712                lsm6ds3tr_c_xl_data_rate_set
 .text.lsm6ds3tr_c_gy_full_scale_set
                0x0000000008006740       0x2e ./Drivers/lsm6ds3tr-c-pid/lsm6ds3tr-c_reg.o
                0x0000000008006740                lsm6ds3tr_c_gy_full_scale_set
 .text.lsm6ds3tr_c_gy_data_rate_set
                0x000000000800676e       0x2e ./Drivers/lsm6ds3tr-c-pid/lsm6ds3tr-c_reg.o
                0x000000000800676e                lsm6ds3tr_c_gy_data_rate_set
 .text.lsm6ds3tr_c_block_data_update_set
                0x000000000800679c       0x2e ./Drivers/lsm6ds3tr-c-pid/lsm6ds3tr-c_reg.o
                0x000000000800679c                lsm6ds3tr_c_block_data_update_set
 .text.lsm6ds3tr_c_angular_rate_raw_get
                0x00000000080067ca       0x3c ./Drivers/lsm6ds3tr-c-pid/lsm6ds3tr-c_reg.o
                0x00000000080067ca                lsm6ds3tr_c_angular_rate_raw_get
 .text.lsm6ds3tr_c_acceleration_raw_get
                0x0000000008006806       0x3c ./Drivers/lsm6ds3tr-c-pid/lsm6ds3tr-c_reg.o
                0x0000000008006806                lsm6ds3tr_c_acceleration_raw_get
 .text.lsm6ds3tr_c_device_id_get
                0x0000000008006842        0xe ./Drivers/lsm6ds3tr-c-pid/lsm6ds3tr-c_reg.o
                0x0000000008006842                lsm6ds3tr_c_device_id_get
 .text.lsm6ds3tr_c_reset_set
                0x0000000008006850       0x2e ./Drivers/lsm6ds3tr-c-pid/lsm6ds3tr-c_reg.o
                0x0000000008006850                lsm6ds3tr_c_reset_set
 .text.lsm6ds3tr_c_reset_get
                0x000000000800687e       0x1c ./Drivers/lsm6ds3tr-c-pid/lsm6ds3tr-c_reg.o
                0x000000000800687e                lsm6ds3tr_c_reset_get
 .text.lsm6ds3tr_c_pin_int1_route_set
                0x000000000800689a       0xfa ./Drivers/lsm6ds3tr-c-pid/lsm6ds3tr-c_reg.o
                0x000000000800689a                lsm6ds3tr_c_pin_int1_route_set
 .text.lsm6ds3tr_c_sh_pass_through_set
                0x0000000008006994       0x2e ./Drivers/lsm6ds3tr-c-pid/lsm6ds3tr-c_reg.o
                0x0000000008006994                lsm6ds3tr_c_sh_pass_through_set
 *fill*         0x00000000080069c2        0x2 
 .text.USBD_CUSTOM_HID_GetFSCfgDesc
                0x00000000080069c4        0xc ./Middlewares/ST/STM32_USB_Device_Library/Class/CustomHID/Src/usbd_customhid.o
 .text.USBD_CUSTOM_HID_GetHSCfgDesc
                0x00000000080069d0        0xc ./Middlewares/ST/STM32_USB_Device_Library/Class/CustomHID/Src/usbd_customhid.o
 .text.USBD_CUSTOM_HID_GetOtherSpeedCfgDesc
                0x00000000080069dc        0xc ./Middlewares/ST/STM32_USB_Device_Library/Class/CustomHID/Src/usbd_customhid.o
 .text.USBD_CUSTOM_HID_DataIn
                0x00000000080069e8        0xc ./Middlewares/ST/STM32_USB_Device_Library/Class/CustomHID/Src/usbd_customhid.o
 .text.USBD_CUSTOM_HID_EP0_RxReady
                0x00000000080069f4       0x20 ./Middlewares/ST/STM32_USB_Device_Library/Class/CustomHID/Src/usbd_customhid.o
 .text.USBD_CUSTOM_HID_GetDeviceQualifierDesc
                0x0000000008006a14        0xc ./Middlewares/ST/STM32_USB_Device_Library/Class/CustomHID/Src/usbd_customhid.o
 .text.USBD_CUSTOM_HID_DataOut
                0x0000000008006a20       0x20 ./Middlewares/ST/STM32_USB_Device_Library/Class/CustomHID/Src/usbd_customhid.o
 .text.USBD_CUSTOM_HID_Setup
                0x0000000008006a40       0xec ./Middlewares/ST/STM32_USB_Device_Library/Class/CustomHID/Src/usbd_customhid.o
 .text.USBD_CUSTOM_HID_DeInit
                0x0000000008006b2c       0x38 ./Middlewares/ST/STM32_USB_Device_Library/Class/CustomHID/Src/usbd_customhid.o
 .text.USBD_CUSTOM_HID_Init
                0x0000000008006b64       0x52 ./Middlewares/ST/STM32_USB_Device_Library/Class/CustomHID/Src/usbd_customhid.o
 .text.USBD_CUSTOM_HID_SendReport
                0x0000000008006bb6       0x30 ./Middlewares/ST/STM32_USB_Device_Library/Class/CustomHID/Src/usbd_customhid.o
                0x0000000008006bb6                USBD_CUSTOM_HID_SendReport
 .text.USBD_CUSTOM_HID_RegisterInterface
                0x0000000008006be6        0xe ./Middlewares/ST/STM32_USB_Device_Library/Class/CustomHID/Src/usbd_customhid.o
                0x0000000008006be6                USBD_CUSTOM_HID_RegisterInterface
 .text.USBD_Init
                0x0000000008006bf4       0x2a ./Middlewares/ST/STM32_USB_Device_Library/Core/Src/usbd_core.o
                0x0000000008006bf4                USBD_Init
 .text.USBD_RegisterClass
                0x0000000008006c1e        0xe ./Middlewares/ST/STM32_USB_Device_Library/Core/Src/usbd_core.o
                0x0000000008006c1e                USBD_RegisterClass
 .text.USBD_Start
                0x0000000008006c2c        0xa ./Middlewares/ST/STM32_USB_Device_Library/Core/Src/usbd_core.o
                0x0000000008006c2c                USBD_Start
 .text.USBD_SetClassConfig
                0x0000000008006c36       0x1a ./Middlewares/ST/STM32_USB_Device_Library/Core/Src/usbd_core.o
                0x0000000008006c36                USBD_SetClassConfig
 .text.USBD_ClrClassConfig
                0x0000000008006c50        0xe ./Middlewares/ST/STM32_USB_Device_Library/Core/Src/usbd_core.o
                0x0000000008006c50                USBD_ClrClassConfig
 .text.USBD_LL_SetupStage
                0x0000000008006c5e       0x5a ./Middlewares/ST/STM32_USB_Device_Library/Core/Src/usbd_core.o
                0x0000000008006c5e                USBD_LL_SetupStage
 .text.USBD_LL_DataOutStage
                0x0000000008006cb8       0x74 ./Middlewares/ST/STM32_USB_Device_Library/Core/Src/usbd_core.o
                0x0000000008006cb8                USBD_LL_DataOutStage
 .text.USBD_LL_DataInStage
                0x0000000008006d2c       0xb6 ./Middlewares/ST/STM32_USB_Device_Library/Core/Src/usbd_core.o
                0x0000000008006d2c                USBD_LL_DataInStage
 .text.USBD_LL_Reset
                0x0000000008006de2       0x4e ./Middlewares/ST/STM32_USB_Device_Library/Core/Src/usbd_core.o
                0x0000000008006de2                USBD_LL_Reset
 .text.USBD_LL_SetSpeed
                0x0000000008006e30        0x6 ./Middlewares/ST/STM32_USB_Device_Library/Core/Src/usbd_core.o
                0x0000000008006e30                USBD_LL_SetSpeed
 .text.USBD_LL_Suspend
                0x0000000008006e36       0x12 ./Middlewares/ST/STM32_USB_Device_Library/Core/Src/usbd_core.o
                0x0000000008006e36                USBD_LL_Suspend
 .text.USBD_LL_Resume
                0x0000000008006e48       0x14 ./Middlewares/ST/STM32_USB_Device_Library/Core/Src/usbd_core.o
                0x0000000008006e48                USBD_LL_Resume
 .text.USBD_LL_SOF
                0x0000000008006e5c       0x18 ./Middlewares/ST/STM32_USB_Device_Library/Core/Src/usbd_core.o
                0x0000000008006e5c                USBD_LL_SOF
 .text.USBD_CtlError.constprop.0
                0x0000000008006e74       0x16 ./Middlewares/ST/STM32_USB_Device_Library/Core/Src/usbd_ctlreq.o
 *fill*         0x0000000008006e8a        0x2 
 .text.USBD_StdDevReq
                0x0000000008006e8c      0x250 ./Middlewares/ST/STM32_USB_Device_Library/Core/Src/usbd_ctlreq.o
                0x0000000008006e8c                USBD_StdDevReq
 .text.USBD_StdItfReq
                0x00000000080070dc       0x48 ./Middlewares/ST/STM32_USB_Device_Library/Core/Src/usbd_ctlreq.o
                0x00000000080070dc                USBD_StdItfReq
 .text.USBD_StdEPReq
                0x0000000008007124      0x110 ./Middlewares/ST/STM32_USB_Device_Library/Core/Src/usbd_ctlreq.o
                0x0000000008007124                USBD_StdEPReq
 .text.USBD_ParseSetupRequest
                0x0000000008007234       0x28 ./Middlewares/ST/STM32_USB_Device_Library/Core/Src/usbd_ctlreq.o
                0x0000000008007234                USBD_ParseSetupRequest
 .text.USBD_CtlError
                0x000000000800725c       0x16 ./Middlewares/ST/STM32_USB_Device_Library/Core/Src/usbd_ctlreq.o
                0x000000000800725c                USBD_CtlError
 .text.USBD_GetString
                0x0000000008007272       0x38 ./Middlewares/ST/STM32_USB_Device_Library/Core/Src/usbd_ctlreq.o
                0x0000000008007272                USBD_GetString
 .text.USBD_CtlSendData
                0x00000000080072aa       0x1a ./Middlewares/ST/STM32_USB_Device_Library/Core/Src/usbd_ioreq.o
                0x00000000080072aa                USBD_CtlSendData
 .text.USBD_CtlContinueSendData
                0x00000000080072c4       0x10 ./Middlewares/ST/STM32_USB_Device_Library/Core/Src/usbd_ioreq.o
                0x00000000080072c4                USBD_CtlContinueSendData
 .text.USBD_CtlPrepareRx
                0x00000000080072d4       0x1a ./Middlewares/ST/STM32_USB_Device_Library/Core/Src/usbd_ioreq.o
                0x00000000080072d4                USBD_CtlPrepareRx
 .text.USBD_CtlContinueRx
                0x00000000080072ee       0x10 ./Middlewares/ST/STM32_USB_Device_Library/Core/Src/usbd_ioreq.o
                0x00000000080072ee                USBD_CtlContinueRx
 .text.USBD_CtlSendStatus
                0x00000000080072fe       0x16 ./Middlewares/ST/STM32_USB_Device_Library/Core/Src/usbd_ioreq.o
                0x00000000080072fe                USBD_CtlSendStatus
 .text.USBD_CtlReceiveStatus
                0x0000000008007314       0x16 ./Middlewares/ST/STM32_USB_Device_Library/Core/Src/usbd_ioreq.o
                0x0000000008007314                USBD_CtlReceiveStatus
 *fill*         0x000000000800732a        0x2 
 .text.MX_USB_DEVICE_Init
                0x000000000800732c       0x50 ./USB_DEVICE/App/usb_device.o
                0x000000000800732c                MX_USB_DEVICE_Init
 .text.CUSTOM_HID_Init_FS
                0x000000000800737c        0x4 ./USB_DEVICE/App/usbd_custom_hid_if.o
 .text.CUSTOM_HID_OutEvent_FS
                0x0000000008007380        0x4 ./USB_DEVICE/App/usbd_custom_hid_if.o
 .text.CUSTOM_HID_DeInit_FS
                0x0000000008007384        0x4 ./USB_DEVICE/App/usbd_custom_hid_if.o
 .text.usb_send_report
                0x0000000008007388       0x14 ./USB_DEVICE/App/usbd_custom_hid_if.o
                0x0000000008007388                usb_send_report
 .text.USBD_FS_DeviceDescriptor
                0x000000000800739c        0xc ./USB_DEVICE/App/usbd_desc.o
                0x000000000800739c                USBD_FS_DeviceDescriptor
 .text.USBD_FS_LangIDStrDescriptor
                0x00000000080073a8        0xc ./USB_DEVICE/App/usbd_desc.o
                0x00000000080073a8                USBD_FS_LangIDStrDescriptor
 .text.IntToUnicode
                0x00000000080073b4       0x2a ./USB_DEVICE/App/usbd_desc.o
 *fill*         0x00000000080073de        0x2 
 .text.USBD_FS_SerialStrDescriptor
                0x00000000080073e0       0x3c ./USB_DEVICE/App/usbd_desc.o
                0x00000000080073e0                USBD_FS_SerialStrDescriptor
 .text.USBD_FS_ManufacturerStrDescriptor
                0x000000000800741c       0x1c ./USB_DEVICE/App/usbd_desc.o
                0x000000000800741c                USBD_FS_ManufacturerStrDescriptor
 .text.USBD_FS_ProductStrDescriptor
                0x0000000008007438       0x1c ./USB_DEVICE/App/usbd_desc.o
                0x0000000008007438                USBD_FS_ProductStrDescriptor
 .text.USBD_FS_ConfigStrDescriptor
                0x0000000008007454       0x1c ./USB_DEVICE/App/usbd_desc.o
                0x0000000008007454                USBD_FS_ConfigStrDescriptor
 .text.USBD_FS_InterfaceStrDescriptor
                0x0000000008007470       0x1c ./USB_DEVICE/App/usbd_desc.o
                0x0000000008007470                USBD_FS_InterfaceStrDescriptor
 .text.USBD_Get_USB_Status
                0x000000000800748c       0x10 ./USB_DEVICE/Target/usbd_conf.o
 .text.HAL_PCD_MspInit
                0x000000000800749c       0x40 ./USB_DEVICE/Target/usbd_conf.o
                0x000000000800749c                HAL_PCD_MspInit
 .text.HAL_PCD_SetupStageCallback
                0x00000000080074dc        0xc ./USB_DEVICE/Target/usbd_conf.o
                0x00000000080074dc                HAL_PCD_SetupStageCallback
 .text.HAL_PCD_DataOutStageCallback
                0x00000000080074e8       0x12 ./USB_DEVICE/Target/usbd_conf.o
                0x00000000080074e8                HAL_PCD_DataOutStageCallback
 .text.HAL_PCD_DataInStageCallback
                0x00000000080074fa       0x10 ./USB_DEVICE/Target/usbd_conf.o
                0x00000000080074fa                HAL_PCD_DataInStageCallback
 .text.HAL_PCD_SOFCallback
                0x000000000800750a        0x8 ./USB_DEVICE/Target/usbd_conf.o
                0x000000000800750a                HAL_PCD_SOFCallback
 .text.HAL_PCD_ResetCallback
                0x0000000008007512       0x24 ./USB_DEVICE/Target/usbd_conf.o
                0x0000000008007512                HAL_PCD_ResetCallback
 *fill*         0x0000000008007536        0x2 
 .text.HAL_PCD_SuspendCallback
                0x0000000008007538       0x20 ./USB_DEVICE/Target/usbd_conf.o
                0x0000000008007538                HAL_PCD_SuspendCallback
 .text.HAL_PCD_ResumeCallback
                0x0000000008007558        0x8 ./USB_DEVICE/Target/usbd_conf.o
                0x0000000008007558                HAL_PCD_ResumeCallback
 .text.USBD_LL_Init
                0x0000000008007560       0x70 ./USB_DEVICE/Target/usbd_conf.o
                0x0000000008007560                USBD_LL_Init
 .text.USBD_LL_Start
                0x00000000080075d0       0x12 ./USB_DEVICE/Target/usbd_conf.o
                0x00000000080075d0                USBD_LL_Start
 .text.USBD_LL_OpenEP
                0x00000000080075e2       0x18 ./USB_DEVICE/Target/usbd_conf.o
                0x00000000080075e2                USBD_LL_OpenEP
 .text.USBD_LL_CloseEP
                0x00000000080075fa       0x12 ./USB_DEVICE/Target/usbd_conf.o
                0x00000000080075fa                USBD_LL_CloseEP
 .text.USBD_LL_StallEP
                0x000000000800760c       0x12 ./USB_DEVICE/Target/usbd_conf.o
                0x000000000800760c                USBD_LL_StallEP
 .text.USBD_LL_ClearStallEP
                0x000000000800761e       0x12 ./USB_DEVICE/Target/usbd_conf.o
                0x000000000800761e                USBD_LL_ClearStallEP
 .text.USBD_LL_IsStallEP
                0x0000000008007630       0x24 ./USB_DEVICE/Target/usbd_conf.o
                0x0000000008007630                USBD_LL_IsStallEP
 .text.USBD_LL_SetUSBAddress
                0x0000000008007654       0x12 ./USB_DEVICE/Target/usbd_conf.o
                0x0000000008007654                USBD_LL_SetUSBAddress
 .text.USBD_LL_Transmit
                0x0000000008007666       0x12 ./USB_DEVICE/Target/usbd_conf.o
                0x0000000008007666                USBD_LL_Transmit
 .text.USBD_LL_PrepareReceive
                0x0000000008007678       0x12 ./USB_DEVICE/Target/usbd_conf.o
                0x0000000008007678                USBD_LL_PrepareReceive
 *fill*         0x000000000800768a        0x2 
 .text.USBD_static_malloc
                0x000000000800768c        0x8 ./USB_DEVICE/Target/usbd_conf.o
                0x000000000800768c                USBD_static_malloc
 .text.USBD_static_free
                0x0000000008007694        0x2 ./USB_DEVICE/Target/usbd_conf.o
                0x0000000008007694                USBD_static_free
 .text.HAL_PCDEx_SetConnectionState
                0x0000000008007696        0x2 ./USB_DEVICE/Target/usbd_conf.o
                0x0000000008007696                HAL_PCDEx_SetConnectionState
 .text.DataHist_parameters
                0x0000000008007698      0x16c ../Middlewares/ST/STM32_MotionFX_Library/Lib\MotionFX_CM3_wc32_ot.a(motion_fx.o)
 .text.rotVect  0x0000000008007804       0xcc ../Middlewares/ST/STM32_MotionFX_Library/Lib\MotionFX_CM3_wc32_ot.a(motion_fx.o)
 .text.findAxis
                0x00000000080078d0       0xdc ../Middlewares/ST/STM32_MotionFX_Library/Lib\MotionFX_CM3_wc32_ot.a(motion_fx.o)
 *fill*         0x00000000080079ac        0x4 
 .text.findDirection
                0x00000000080079b0      0x258 ../Middlewares/ST/STM32_MotionFX_Library/Lib\MotionFX_CM3_wc32_ot.a(motion_fx.o)
 .text.updateOrientation
                0x0000000008007c08      0x104 ../Middlewares/ST/STM32_MotionFX_Library/Lib\MotionFX_CM3_wc32_ot.a(motion_fx.o)
 .text.qmult    0x0000000008007d0c      0x158 ../Middlewares/ST/STM32_MotionFX_Library/Lib\MotionFX_CM3_wc32_ot.a(motion_fx.o)
 .text.dataDerivative5
                0x0000000008007e64       0xd8 ../Middlewares/ST/STM32_MotionFX_Library/Lib\MotionFX_CM3_wc32_ot.a(motion_fx.o)
 .text.b_dcm2q  0x0000000008007f3c      0x1a0 ../Middlewares/ST/STM32_MotionFX_Library/Lib\MotionFX_CM3_wc32_ot.a(motion_fx.o)
 .text.getRotationMatrix
                0x00000000080080dc      0x1f4 ../Middlewares/ST/STM32_MotionFX_Library/Lib\MotionFX_CM3_wc32_ot.a(motion_fx.o)
 .text.kf_update
                0x00000000080082d0      0xfd0 ../Middlewares/ST/STM32_MotionFX_Library/Lib\MotionFX_CM3_wc32_ot.a(motion_fx.o)
 .text.q2hpr    0x00000000080092a0      0x1a4 ../Middlewares/ST/STM32_MotionFX_Library/Lib\MotionFX_CM3_wc32_ot.a(motion_fx.o)
 .text.llEvaluate.constprop.0
                0x0000000008009444      0x14c ../Middlewares/ST/STM32_MotionFX_Library/Lib\MotionFX_CM3_wc32_ot.a(motion_fx.o)
 .text.getMagStats.constprop.0
                0x0000000008009590      0x1f8 ../Middlewares/ST/STM32_MotionFX_Library/Lib\MotionFX_CM3_wc32_ot.a(motion_fx.o)
 .text.MEMS_updateMagBufferIndex.constprop.0
                0x0000000008009788      0x1ac ../Middlewares/ST/STM32_MotionFX_Library/Lib\MotionFX_CM3_wc32_ot.a(motion_fx.o)
 .text.output_update
                0x0000000008009934      0x1d8 ../Middlewares/ST/STM32_MotionFX_Library/Lib\MotionFX_CM3_wc32_ot.a(motion_fx.o)
 .text.MFX_emptyAttitude
                0x0000000008009b0c      0x56c ../Middlewares/ST/STM32_MotionFX_Library/Lib\MotionFX_CM3_wc32_ot.a(motion_fx.o)
 .text.MEMS_runMagCal.constprop.0
                0x000000000800a078     0x28dc ../Middlewares/ST/STM32_MotionFX_Library/Lib\MotionFX_CM3_wc32_ot.a(motion_fx.o)
 *fill*         0x000000000800c954        0x4 
 .text.iNemoEngine_API_Update
                0x000000000800c958     0x5034 ../Middlewares/ST/STM32_MotionFX_Library/Lib\MotionFX_CM3_wc32_ot.a(motion_fx.o)
 .text.MotionFX_initialize
                0x000000000801198c      0x174 ../Middlewares/ST/STM32_MotionFX_Library/Lib\MotionFX_CM3_wc32_ot.a(motion_fx.o)
                0x000000000801198c                MotionFX_initialize
 .text.MotionFX_setKnobs
                0x0000000008011b00       0x98 ../Middlewares/ST/STM32_MotionFX_Library/Lib\MotionFX_CM3_wc32_ot.a(motion_fx.o)
                0x0000000008011b00                MotionFX_setKnobs
 .text.MotionFX_getKnobs
                0x0000000008011b98       0x7c ../Middlewares/ST/STM32_MotionFX_Library/Lib\MotionFX_CM3_wc32_ot.a(motion_fx.o)
                0x0000000008011b98                MotionFX_getKnobs
 .text.MotionFX_enable_6X
                0x0000000008011c14       0x40 ../Middlewares/ST/STM32_MotionFX_Library/Lib\MotionFX_CM3_wc32_ot.a(motion_fx.o)
                0x0000000008011c14                MotionFX_enable_6X
 .text.MotionFX_enable_9X
                0x0000000008011c54       0x40 ../Middlewares/ST/STM32_MotionFX_Library/Lib\MotionFX_CM3_wc32_ot.a(motion_fx.o)
                0x0000000008011c54                MotionFX_enable_9X
 .text.MotionFX_update
                0x0000000008011c94       0x1c ../Middlewares/ST/STM32_MotionFX_Library/Lib\MotionFX_CM3_wc32_ot.a(motion_fx.o)
                0x0000000008011c94                MotionFX_update
 .text.MotionFX_propagate
                0x0000000008011cb0      0x34c ../Middlewares/ST/STM32_MotionFX_Library/Lib\MotionFX_CM3_wc32_ot.a(motion_fx.o)
                0x0000000008011cb0                MotionFX_propagate
 .text.MotionFX_MagCal_init
                0x0000000008011ffc      0x108 ../Middlewares/ST/STM32_MotionFX_Library/Lib\MotionFX_CM3_wc32_ot.a(motion_fx.o)
                0x0000000008011ffc                MotionFX_MagCal_init
 .text.MotionFX_MagCal_run
                0x0000000008012104      0x478 ../Middlewares/ST/STM32_MotionFX_Library/Lib\MotionFX_CM3_wc32_ot.a(motion_fx.o)
                0x0000000008012104                MotionFX_MagCal_run
 .text.MotionFX_MagCal_getParams
                0x000000000801257c       0x98 ../Middlewares/ST/STM32_MotionFX_Library/Lib\MotionFX_CM3_wc32_ot.a(motion_fx.o)
                0x000000000801257c                MotionFX_MagCal_getParams
 .text.__cvt    0x0000000008012614       0xbe C:/ST/STM32CubeIDE_1.13.0/STM32CubeIDE/plugins/com.st.stm32cube.ide.mcu.externaltools.gnu-tools-for-stm32.11.3.rel1.win32_1.1.1.202309131626/tools/bin/../lib/gcc/arm-none-eabi/11.3.1/../../../../arm-none-eabi/lib/thumb/v7-m/nofp\libc_nano.a(libc_a-nano-vfprintf_float.o)
                0x0000000008012614                __cvt
 .text.__exponent
                0x00000000080126d2       0x7a C:/ST/STM32CubeIDE_1.13.0/STM32CubeIDE/plugins/com.st.stm32cube.ide.mcu.externaltools.gnu-tools-for-stm32.11.3.rel1.win32_1.1.1.202309131626/tools/bin/../lib/gcc/arm-none-eabi/11.3.1/../../../../arm-none-eabi/lib/thumb/v7-m/nofp\libc_nano.a(libc_a-nano-vfprintf_float.o)
                0x00000000080126d2                __exponent
 .text._printf_float
                0x000000000801274c      0x45c C:/ST/STM32CubeIDE_1.13.0/STM32CubeIDE/plugins/com.st.stm32cube.ide.mcu.externaltools.gnu-tools-for-stm32.11.3.rel1.win32_1.1.1.202309131626/tools/bin/../lib/gcc/arm-none-eabi/11.3.1/../../../../arm-none-eabi/lib/thumb/v7-m/nofp\libc_nano.a(libc_a-nano-vfprintf_float.o)
                0x000000000801274c                _printf_float
 .text._printf_common
                0x0000000008012ba8       0xe4 C:/ST/STM32CubeIDE_1.13.0/STM32CubeIDE/plugins/com.st.stm32cube.ide.mcu.externaltools.gnu-tools-for-stm32.11.3.rel1.win32_1.1.1.202309131626/tools/bin/../lib/gcc/arm-none-eabi/11.3.1/../../../../arm-none-eabi/lib/thumb/v7-m/nofp\libc_nano.a(libc_a-nano-vfprintf_i.o)
                0x0000000008012ba8                _printf_common
 .text._printf_i
                0x0000000008012c8c      0x244 C:/ST/STM32CubeIDE_1.13.0/STM32CubeIDE/plugins/com.st.stm32cube.ide.mcu.externaltools.gnu-tools-for-stm32.11.3.rel1.win32_1.1.1.202309131626/tools/bin/../lib/gcc/arm-none-eabi/11.3.1/../../../../arm-none-eabi/lib/thumb/v7-m/nofp\libc_nano.a(libc_a-nano-vfprintf_i.o)
                0x0000000008012c8c                _printf_i
 .text.std      0x0000000008012ed0       0x6c C:/ST/STM32CubeIDE_1.13.0/STM32CubeIDE/plugins/com.st.stm32cube.ide.mcu.externaltools.gnu-tools-for-stm32.11.3.rel1.win32_1.1.1.202309131626/tools/bin/../lib/gcc/arm-none-eabi/11.3.1/../../../../arm-none-eabi/lib/thumb/v7-m/nofp\libc_nano.a(libc_a-findfp.o)
 .text.stdio_exit_handler
                0x0000000008012f3c       0x18 C:/ST/STM32CubeIDE_1.13.0/STM32CubeIDE/plugins/com.st.stm32cube.ide.mcu.externaltools.gnu-tools-for-stm32.11.3.rel1.win32_1.1.1.202309131626/tools/bin/../lib/gcc/arm-none-eabi/11.3.1/../../../../arm-none-eabi/lib/thumb/v7-m/nofp\libc_nano.a(libc_a-findfp.o)
 .text.cleanup_stdio
                0x0000000008012f54       0x40 C:/ST/STM32CubeIDE_1.13.0/STM32CubeIDE/plugins/com.st.stm32cube.ide.mcu.externaltools.gnu-tools-for-stm32.11.3.rel1.win32_1.1.1.202309131626/tools/bin/../lib/gcc/arm-none-eabi/11.3.1/../../../../arm-none-eabi/lib/thumb/v7-m/nofp\libc_nano.a(libc_a-findfp.o)
 .text.global_stdio_init.part.0
                0x0000000008012f94       0x3c C:/ST/STM32CubeIDE_1.13.0/STM32CubeIDE/plugins/com.st.stm32cube.ide.mcu.externaltools.gnu-tools-for-stm32.11.3.rel1.win32_1.1.1.202309131626/tools/bin/../lib/gcc/arm-none-eabi/11.3.1/../../../../arm-none-eabi/lib/thumb/v7-m/nofp\libc_nano.a(libc_a-findfp.o)
 .text.__sfp_lock_acquire
                0x0000000008012fd0        0xc C:/ST/STM32CubeIDE_1.13.0/STM32CubeIDE/plugins/com.st.stm32cube.ide.mcu.externaltools.gnu-tools-for-stm32.11.3.rel1.win32_1.1.1.202309131626/tools/bin/../lib/gcc/arm-none-eabi/11.3.1/../../../../arm-none-eabi/lib/thumb/v7-m/nofp\libc_nano.a(libc_a-findfp.o)
                0x0000000008012fd0                __sfp_lock_acquire
 .text.__sfp_lock_release
                0x0000000008012fdc        0xc C:/ST/STM32CubeIDE_1.13.0/STM32CubeIDE/plugins/com.st.stm32cube.ide.mcu.externaltools.gnu-tools-for-stm32.11.3.rel1.win32_1.1.1.202309131626/tools/bin/../lib/gcc/arm-none-eabi/11.3.1/../../../../arm-none-eabi/lib/thumb/v7-m/nofp\libc_nano.a(libc_a-findfp.o)
                0x0000000008012fdc                __sfp_lock_release
 .text.__sinit  0x0000000008012fe8       0x30 C:/ST/STM32CubeIDE_1.13.0/STM32CubeIDE/plugins/com.st.stm32cube.ide.mcu.externaltools.gnu-tools-for-stm32.11.3.rel1.win32_1.1.1.202309131626/tools/bin/../lib/gcc/arm-none-eabi/11.3.1/../../../../arm-none-eabi/lib/thumb/v7-m/nofp\libc_nano.a(libc_a-findfp.o)
                0x0000000008012fe8                __sinit
 .text._fwalk_sglue
                0x0000000008013018       0x3c C:/ST/STM32CubeIDE_1.13.0/STM32CubeIDE/plugins/com.st.stm32cube.ide.mcu.externaltools.gnu-tools-for-stm32.11.3.rel1.win32_1.1.1.202309131626/tools/bin/../lib/gcc/arm-none-eabi/11.3.1/../../../../arm-none-eabi/lib/thumb/v7-m/nofp\libc_nano.a(libc_a-fwalk.o)
                0x0000000008013018                _fwalk_sglue
 .text.snprintf
                0x0000000008013054       0x68 C:/ST/STM32CubeIDE_1.13.0/STM32CubeIDE/plugins/com.st.stm32cube.ide.mcu.externaltools.gnu-tools-for-stm32.11.3.rel1.win32_1.1.1.202309131626/tools/bin/../lib/gcc/arm-none-eabi/11.3.1/../../../../arm-none-eabi/lib/thumb/v7-m/nofp\libc_nano.a(libc_a-snprintf.o)
                0x0000000008013054                sniprintf
                0x0000000008013054                snprintf
 .text.__sread  0x00000000080130bc       0x22 C:/ST/STM32CubeIDE_1.13.0/STM32CubeIDE/plugins/com.st.stm32cube.ide.mcu.externaltools.gnu-tools-for-stm32.11.3.rel1.win32_1.1.1.202309131626/tools/bin/../lib/gcc/arm-none-eabi/11.3.1/../../../../arm-none-eabi/lib/thumb/v7-m/nofp\libc_nano.a(libc_a-stdio.o)
                0x00000000080130bc                __sread
 .text.__swrite
                0x00000000080130de       0x38 C:/ST/STM32CubeIDE_1.13.0/STM32CubeIDE/plugins/com.st.stm32cube.ide.mcu.externaltools.gnu-tools-for-stm32.11.3.rel1.win32_1.1.1.202309131626/tools/bin/../lib/gcc/arm-none-eabi/11.3.1/../../../../arm-none-eabi/lib/thumb/v7-m/nofp\libc_nano.a(libc_a-stdio.o)
                0x00000000080130de                __swrite
 .text.__sseek  0x0000000008013116       0x24 C:/ST/STM32CubeIDE_1.13.0/STM32CubeIDE/plugins/com.st.stm32cube.ide.mcu.externaltools.gnu-tools-for-stm32.11.3.rel1.win32_1.1.1.202309131626/tools/bin/../lib/gcc/arm-none-eabi/11.3.1/../../../../arm-none-eabi/lib/thumb/v7-m/nofp\libc_nano.a(libc_a-stdio.o)
                0x0000000008013116                __sseek
 .text.__sclose
                0x000000000801313a        0x8 C:/ST/STM32CubeIDE_1.13.0/STM32CubeIDE/plugins/com.st.stm32cube.ide.mcu.externaltools.gnu-tools-for-stm32.11.3.rel1.win32_1.1.1.202309131626/tools/bin/../lib/gcc/arm-none-eabi/11.3.1/../../../../arm-none-eabi/lib/thumb/v7-m/nofp\libc_nano.a(libc_a-stdio.o)
                0x000000000801313a                __sclose
 .text.memset   0x0000000008013142       0x10 C:/ST/STM32CubeIDE_1.13.0/STM32CubeIDE/plugins/com.st.stm32cube.ide.mcu.externaltools.gnu-tools-for-stm32.11.3.rel1.win32_1.1.1.202309131626/tools/bin/../lib/gcc/arm-none-eabi/11.3.1/../../../../arm-none-eabi/lib/thumb/v7-m/nofp\libc_nano.a(libc_a-memset.o)
                0x0000000008013142                memset
 .text.strnlen  0x0000000008013152       0x18 C:/ST/STM32CubeIDE_1.13.0/STM32CubeIDE/plugins/com.st.stm32cube.ide.mcu.externaltools.gnu-tools-for-stm32.11.3.rel1.win32_1.1.1.202309131626/tools/bin/../lib/gcc/arm-none-eabi/11.3.1/../../../../arm-none-eabi/lib/thumb/v7-m/nofp\libc_nano.a(libc_a-strnlen.o)
                0x0000000008013152                strnlen
 *fill*         0x000000000801316a        0x2 
 .text._localeconv_r
                0x000000000801316c        0x8 C:/ST/STM32CubeIDE_1.13.0/STM32CubeIDE/plugins/com.st.stm32cube.ide.mcu.externaltools.gnu-tools-for-stm32.11.3.rel1.win32_1.1.1.202309131626/tools/bin/../lib/gcc/arm-none-eabi/11.3.1/../../../../arm-none-eabi/lib/thumb/v7-m/nofp\libc_nano.a(libc_a-localeconv.o)
                0x000000000801316c                _localeconv_r
 .text._close_r
                0x0000000008013174       0x20 C:/ST/STM32CubeIDE_1.13.0/STM32CubeIDE/plugins/com.st.stm32cube.ide.mcu.externaltools.gnu-tools-for-stm32.11.3.rel1.win32_1.1.1.202309131626/tools/bin/../lib/gcc/arm-none-eabi/11.3.1/../../../../arm-none-eabi/lib/thumb/v7-m/nofp\libc_nano.a(libc_a-closer.o)
                0x0000000008013174                _close_r
 .text._lseek_r
                0x0000000008013194       0x24 C:/ST/STM32CubeIDE_1.13.0/STM32CubeIDE/plugins/com.st.stm32cube.ide.mcu.externaltools.gnu-tools-for-stm32.11.3.rel1.win32_1.1.1.202309131626/tools/bin/../lib/gcc/arm-none-eabi/11.3.1/../../../../arm-none-eabi/lib/thumb/v7-m/nofp\libc_nano.a(libc_a-lseekr.o)
                0x0000000008013194                _lseek_r
 .text._read_r  0x00000000080131b8       0x24 C:/ST/STM32CubeIDE_1.13.0/STM32CubeIDE/plugins/com.st.stm32cube.ide.mcu.externaltools.gnu-tools-for-stm32.11.3.rel1.win32_1.1.1.202309131626/tools/bin/../lib/gcc/arm-none-eabi/11.3.1/../../../../arm-none-eabi/lib/thumb/v7-m/nofp\libc_nano.a(libc_a-readr.o)
                0x00000000080131b8                _read_r
 .text._write_r
                0x00000000080131dc       0x24 C:/ST/STM32CubeIDE_1.13.0/STM32CubeIDE/plugins/com.st.stm32cube.ide.mcu.externaltools.gnu-tools-for-stm32.11.3.rel1.win32_1.1.1.202309131626/tools/bin/../lib/gcc/arm-none-eabi/11.3.1/../../../../arm-none-eabi/lib/thumb/v7-m/nofp\libc_nano.a(libc_a-writer.o)
                0x00000000080131dc                _write_r
 .text.__errno  0x0000000008013200        0xc C:/ST/STM32CubeIDE_1.13.0/STM32CubeIDE/plugins/com.st.stm32cube.ide.mcu.externaltools.gnu-tools-for-stm32.11.3.rel1.win32_1.1.1.202309131626/tools/bin/../lib/gcc/arm-none-eabi/11.3.1/../../../../arm-none-eabi/lib/thumb/v7-m/nofp\libc_nano.a(libc_a-errno.o)
                0x0000000008013200                __errno
 .text.__libc_init_array
                0x000000000801320c       0x48 C:/ST/STM32CubeIDE_1.13.0/STM32CubeIDE/plugins/com.st.stm32cube.ide.mcu.externaltools.gnu-tools-for-stm32.11.3.rel1.win32_1.1.1.202309131626/tools/bin/../lib/gcc/arm-none-eabi/11.3.1/../../../../arm-none-eabi/lib/thumb/v7-m/nofp\libc_nano.a(libc_a-init.o)
                0x000000000801320c                __libc_init_array
 .text.__retarget_lock_init_recursive
                0x0000000008013254        0x2 C:/ST/STM32CubeIDE_1.13.0/STM32CubeIDE/plugins/com.st.stm32cube.ide.mcu.externaltools.gnu-tools-for-stm32.11.3.rel1.win32_1.1.1.202309131626/tools/bin/../lib/gcc/arm-none-eabi/11.3.1/../../../../arm-none-eabi/lib/thumb/v7-m/nofp\libc_nano.a(libc_a-lock.o)
                0x0000000008013254                __retarget_lock_init_recursive
 .text.__retarget_lock_acquire_recursive
                0x0000000008013256        0x2 C:/ST/STM32CubeIDE_1.13.0/STM32CubeIDE/plugins/com.st.stm32cube.ide.mcu.externaltools.gnu-tools-for-stm32.11.3.rel1.win32_1.1.1.202309131626/tools/bin/../lib/gcc/arm-none-eabi/11.3.1/../../../../arm-none-eabi/lib/thumb/v7-m/nofp\libc_nano.a(libc_a-lock.o)
                0x0000000008013256                __retarget_lock_acquire_recursive
 .text.__retarget_lock_release_recursive
                0x0000000008013258        0x2 C:/ST/STM32CubeIDE_1.13.0/STM32CubeIDE/plugins/com.st.stm32cube.ide.mcu.externaltools.gnu-tools-for-stm32.11.3.rel1.win32_1.1.1.202309131626/tools/bin/../lib/gcc/arm-none-eabi/11.3.1/../../../../arm-none-eabi/lib/thumb/v7-m/nofp\libc_nano.a(libc_a-lock.o)
                0x0000000008013258                __retarget_lock_release_recursive
 .text.memchr   0x000000000801325a       0x1c C:/ST/STM32CubeIDE_1.13.0/STM32CubeIDE/plugins/com.st.stm32cube.ide.mcu.externaltools.gnu-tools-for-stm32.11.3.rel1.win32_1.1.1.202309131626/tools/bin/../lib/gcc/arm-none-eabi/11.3.1/../../../../arm-none-eabi/lib/thumb/v7-m/nofp\libc_nano.a(libc_a-memchr-stub.o)
                0x000000000801325a                memchr
 .text.memcpy   0x0000000008013276       0x1c C:/ST/STM32CubeIDE_1.13.0/STM32CubeIDE/plugins/com.st.stm32cube.ide.mcu.externaltools.gnu-tools-for-stm32.11.3.rel1.win32_1.1.1.202309131626/tools/bin/../lib/gcc/arm-none-eabi/11.3.1/../../../../arm-none-eabi/lib/thumb/v7-m/nofp\libc_nano.a(libc_a-memcpy-stub.o)
                0x0000000008013276                memcpy
 .text.quorem   0x0000000008013292      0x112 C:/ST/STM32CubeIDE_1.13.0/STM32CubeIDE/plugins/com.st.stm32cube.ide.mcu.externaltools.gnu-tools-for-stm32.11.3.rel1.win32_1.1.1.202309131626/tools/bin/../lib/gcc/arm-none-eabi/11.3.1/../../../../arm-none-eabi/lib/thumb/v7-m/nofp\libc_nano.a(libc_a-dtoa.o)
 *fill*         0x00000000080133a4        0x4 
 .text._dtoa_r  0x00000000080133a8      0xbc8 C:/ST/STM32CubeIDE_1.13.0/STM32CubeIDE/plugins/com.st.stm32cube.ide.mcu.externaltools.gnu-tools-for-stm32.11.3.rel1.win32_1.1.1.202309131626/tools/bin/../lib/gcc/arm-none-eabi/11.3.1/../../../../arm-none-eabi/lib/thumb/v7-m/nofp\libc_nano.a(libc_a-dtoa.o)
                0x00000000080133a8                _dtoa_r
 .text._free_r  0x0000000008013f70       0x90 C:/ST/STM32CubeIDE_1.13.0/STM32CubeIDE/plugins/com.st.stm32cube.ide.mcu.externaltools.gnu-tools-for-stm32.11.3.rel1.win32_1.1.1.202309131626/tools/bin/../lib/gcc/arm-none-eabi/11.3.1/../../../../arm-none-eabi/lib/thumb/v7-m/nofp\libc_nano.a(libc_a-freer.o)
                0x0000000008013f70                _free_r
 .text.malloc   0x0000000008014000       0x10 C:/ST/STM32CubeIDE_1.13.0/STM32CubeIDE/plugins/com.st.stm32cube.ide.mcu.externaltools.gnu-tools-for-stm32.11.3.rel1.win32_1.1.1.202309131626/tools/bin/../lib/gcc/arm-none-eabi/11.3.1/../../../../arm-none-eabi/lib/thumb/v7-m/nofp\libc_nano.a(libc_a-malloc.o)
                0x0000000008014000                malloc
 .text.sbrk_aligned
                0x0000000008014010       0x40 C:/ST/STM32CubeIDE_1.13.0/STM32CubeIDE/plugins/com.st.stm32cube.ide.mcu.externaltools.gnu-tools-for-stm32.11.3.rel1.win32_1.1.1.202309131626/tools/bin/../lib/gcc/arm-none-eabi/11.3.1/../../../../arm-none-eabi/lib/thumb/v7-m/nofp\libc_nano.a(libc_a-mallocr.o)
 .text._malloc_r
                0x0000000008014050      0x100 C:/ST/STM32CubeIDE_1.13.0/STM32CubeIDE/plugins/com.st.stm32cube.ide.mcu.externaltools.gnu-tools-for-stm32.11.3.rel1.win32_1.1.1.202309131626/tools/bin/../lib/gcc/arm-none-eabi/11.3.1/../../../../arm-none-eabi/lib/thumb/v7-m/nofp\libc_nano.a(libc_a-mallocr.o)
                0x0000000008014050                _malloc_r
 .text.__malloc_lock
                0x0000000008014150        0xc C:/ST/STM32CubeIDE_1.13.0/STM32CubeIDE/plugins/com.st.stm32cube.ide.mcu.externaltools.gnu-tools-for-stm32.11.3.rel1.win32_1.1.1.202309131626/tools/bin/../lib/gcc/arm-none-eabi/11.3.1/../../../../arm-none-eabi/lib/thumb/v7-m/nofp\libc_nano.a(libc_a-mlock.o)
                0x0000000008014150                __malloc_lock
 .text.__malloc_unlock
                0x000000000801415c        0xc C:/ST/STM32CubeIDE_1.13.0/STM32CubeIDE/plugins/com.st.stm32cube.ide.mcu.externaltools.gnu-tools-for-stm32.11.3.rel1.win32_1.1.1.202309131626/tools/bin/../lib/gcc/arm-none-eabi/11.3.1/../../../../arm-none-eabi/lib/thumb/v7-m/nofp\libc_nano.a(libc_a-mlock.o)
                0x000000000801415c                __malloc_unlock
 .text._Balloc  0x0000000008014168       0x80 C:/ST/STM32CubeIDE_1.13.0/STM32CubeIDE/plugins/com.st.stm32cube.ide.mcu.externaltools.gnu-tools-for-stm32.11.3.rel1.win32_1.1.1.202309131626/tools/bin/../lib/gcc/arm-none-eabi/11.3.1/../../../../arm-none-eabi/lib/thumb/v7-m/nofp\libc_nano.a(libc_a-mprec.o)
                0x0000000008014168                _Balloc
 .text._Bfree   0x00000000080141e8       0x44 C:/ST/STM32CubeIDE_1.13.0/STM32CubeIDE/plugins/com.st.stm32cube.ide.mcu.externaltools.gnu-tools-for-stm32.11.3.rel1.win32_1.1.1.202309131626/tools/bin/../lib/gcc/arm-none-eabi/11.3.1/../../../../arm-none-eabi/lib/thumb/v7-m/nofp\libc_nano.a(libc_a-mprec.o)
                0x00000000080141e8                _Bfree
 .text.__multadd
                0x000000000801422c       0x8c C:/ST/STM32CubeIDE_1.13.0/STM32CubeIDE/plugins/com.st.stm32cube.ide.mcu.externaltools.gnu-tools-for-stm32.11.3.rel1.win32_1.1.1.202309131626/tools/bin/../lib/gcc/arm-none-eabi/11.3.1/../../../../arm-none-eabi/lib/thumb/v7-m/nofp\libc_nano.a(libc_a-mprec.o)
                0x000000000801422c                __multadd
 .text.__hi0bits
                0x00000000080142b8       0x40 C:/ST/STM32CubeIDE_1.13.0/STM32CubeIDE/plugins/com.st.stm32cube.ide.mcu.externaltools.gnu-tools-for-stm32.11.3.rel1.win32_1.1.1.202309131626/tools/bin/../lib/gcc/arm-none-eabi/11.3.1/../../../../arm-none-eabi/lib/thumb/v7-m/nofp\libc_nano.a(libc_a-mprec.o)
                0x00000000080142b8                __hi0bits
 .text.__lo0bits
                0x00000000080142f8       0x5a C:/ST/STM32CubeIDE_1.13.0/STM32CubeIDE/plugins/com.st.stm32cube.ide.mcu.externaltools.gnu-tools-for-stm32.11.3.rel1.win32_1.1.1.202309131626/tools/bin/../lib/gcc/arm-none-eabi/11.3.1/../../../../arm-none-eabi/lib/thumb/v7-m/nofp\libc_nano.a(libc_a-mprec.o)
                0x00000000080142f8                __lo0bits
 *fill*         0x0000000008014352        0x2 
 .text.__i2b    0x0000000008014354       0x2c C:/ST/STM32CubeIDE_1.13.0/STM32CubeIDE/plugins/com.st.stm32cube.ide.mcu.externaltools.gnu-tools-for-stm32.11.3.rel1.win32_1.1.1.202309131626/tools/bin/../lib/gcc/arm-none-eabi/11.3.1/../../../../arm-none-eabi/lib/thumb/v7-m/nofp\libc_nano.a(libc_a-mprec.o)
                0x0000000008014354                __i2b
 .text.__multiply
                0x0000000008014380      0x150 C:/ST/STM32CubeIDE_1.13.0/STM32CubeIDE/plugins/com.st.stm32cube.ide.mcu.externaltools.gnu-tools-for-stm32.11.3.rel1.win32_1.1.1.202309131626/tools/bin/../lib/gcc/arm-none-eabi/11.3.1/../../../../arm-none-eabi/lib/thumb/v7-m/nofp\libc_nano.a(libc_a-mprec.o)
                0x0000000008014380                __multiply
 .text.__pow5mult
                0x00000000080144d0       0xb4 C:/ST/STM32CubeIDE_1.13.0/STM32CubeIDE/plugins/com.st.stm32cube.ide.mcu.externaltools.gnu-tools-for-stm32.11.3.rel1.win32_1.1.1.202309131626/tools/bin/../lib/gcc/arm-none-eabi/11.3.1/../../../../arm-none-eabi/lib/thumb/v7-m/nofp\libc_nano.a(libc_a-mprec.o)
                0x00000000080144d0                __pow5mult
 .text.__lshift
                0x0000000008014584       0xd8 C:/ST/STM32CubeIDE_1.13.0/STM32CubeIDE/plugins/com.st.stm32cube.ide.mcu.externaltools.gnu-tools-for-stm32.11.3.rel1.win32_1.1.1.202309131626/tools/bin/../lib/gcc/arm-none-eabi/11.3.1/../../../../arm-none-eabi/lib/thumb/v7-m/nofp\libc_nano.a(libc_a-mprec.o)
                0x0000000008014584                __lshift
 .text.__mcmp   0x000000000801465c       0x36 C:/ST/STM32CubeIDE_1.13.0/STM32CubeIDE/plugins/com.st.stm32cube.ide.mcu.externaltools.gnu-tools-for-stm32.11.3.rel1.win32_1.1.1.202309131626/tools/bin/../lib/gcc/arm-none-eabi/11.3.1/../../../../arm-none-eabi/lib/thumb/v7-m/nofp\libc_nano.a(libc_a-mprec.o)
                0x000000000801465c                __mcmp
 *fill*         0x0000000008014692        0x2 
 .text.__mdiff  0x0000000008014694      0x118 C:/ST/STM32CubeIDE_1.13.0/STM32CubeIDE/plugins/com.st.stm32cube.ide.mcu.externaltools.gnu-tools-for-stm32.11.3.rel1.win32_1.1.1.202309131626/tools/bin/../lib/gcc/arm-none-eabi/11.3.1/../../../../arm-none-eabi/lib/thumb/v7-m/nofp\libc_nano.a(libc_a-mprec.o)
                0x0000000008014694                __mdiff
 .text.__d2b    0x00000000080147ac       0xac C:/ST/STM32CubeIDE_1.13.0/STM32CubeIDE/plugins/com.st.stm32cube.ide.mcu.externaltools.gnu-tools-for-stm32.11.3.rel1.win32_1.1.1.202309131626/tools/bin/../lib/gcc/arm-none-eabi/11.3.1/../../../../arm-none-eabi/lib/thumb/v7-m/nofp\libc_nano.a(libc_a-mprec.o)
                0x00000000080147ac                __d2b
 .text.__ssputs_r
                0x0000000008014858       0xb4 C:/ST/STM32CubeIDE_1.13.0/STM32CubeIDE/plugins/com.st.stm32cube.ide.mcu.externaltools.gnu-tools-for-stm32.11.3.rel1.win32_1.1.1.202309131626/tools/bin/../lib/gcc/arm-none-eabi/11.3.1/../../../../arm-none-eabi/lib/thumb/v7-m/nofp\libc_nano.a(libc_a-nano-svfprintf.o)
                0x0000000008014858                __ssputs_r
 .text._svfprintf_r
                0x000000000801490c      0x1fc C:/ST/STM32CubeIDE_1.13.0/STM32CubeIDE/plugins/com.st.stm32cube.ide.mcu.externaltools.gnu-tools-for-stm32.11.3.rel1.win32_1.1.1.202309131626/tools/bin/../lib/gcc/arm-none-eabi/11.3.1/../../../../arm-none-eabi/lib/thumb/v7-m/nofp\libc_nano.a(libc_a-nano-svfprintf.o)
                0x000000000801490c                _svfiprintf_r
                0x000000000801490c                _svfprintf_r
 .text.__sflush_r
                0x0000000008014b08      0x104 C:/ST/STM32CubeIDE_1.13.0/STM32CubeIDE/plugins/com.st.stm32cube.ide.mcu.externaltools.gnu-tools-for-stm32.11.3.rel1.win32_1.1.1.202309131626/tools/bin/../lib/gcc/arm-none-eabi/11.3.1/../../../../arm-none-eabi/lib/thumb/v7-m/nofp\libc_nano.a(libc_a-fflush.o)
                0x0000000008014b08                __sflush_r
 .text._fflush_r
                0x0000000008014c0c       0x50 C:/ST/STM32CubeIDE_1.13.0/STM32CubeIDE/plugins/com.st.stm32cube.ide.mcu.externaltools.gnu-tools-for-stm32.11.3.rel1.win32_1.1.1.202309131626/tools/bin/../lib/gcc/arm-none-eabi/11.3.1/../../../../arm-none-eabi/lib/thumb/v7-m/nofp\libc_nano.a(libc_a-fflush.o)
                0x0000000008014c0c                _fflush_r
 .text.memmove  0x0000000008014c5c       0x34 C:/ST/STM32CubeIDE_1.13.0/STM32CubeIDE/plugins/com.st.stm32cube.ide.mcu.externaltools.gnu-tools-for-stm32.11.3.rel1.win32_1.1.1.202309131626/tools/bin/../lib/gcc/arm-none-eabi/11.3.1/../../../../arm-none-eabi/lib/thumb/v7-m/nofp\libc_nano.a(libc_a-memmove.o)
                0x0000000008014c5c                memmove
 .text._sbrk_r  0x0000000008014c90       0x20 C:/ST/STM32CubeIDE_1.13.0/STM32CubeIDE/plugins/com.st.stm32cube.ide.mcu.externaltools.gnu-tools-for-stm32.11.3.rel1.win32_1.1.1.202309131626/tools/bin/../lib/gcc/arm-none-eabi/11.3.1/../../../../arm-none-eabi/lib/thumb/v7-m/nofp\libc_nano.a(libc_a-sbrkr.o)
                0x0000000008014c90                _sbrk_r
 .text.__assert_func
                0x0000000008014cb0       0x3c C:/ST/STM32CubeIDE_1.13.0/STM32CubeIDE/plugins/com.st.stm32cube.ide.mcu.externaltools.gnu-tools-for-stm32.11.3.rel1.win32_1.1.1.202309131626/tools/bin/../lib/gcc/arm-none-eabi/11.3.1/../../../../arm-none-eabi/lib/thumb/v7-m/nofp\libc_nano.a(libc_a-assert.o)
                0x0000000008014cb0                __assert_func
 .text._calloc_r
                0x0000000008014cec       0x28 C:/ST/STM32CubeIDE_1.13.0/STM32CubeIDE/plugins/com.st.stm32cube.ide.mcu.externaltools.gnu-tools-for-stm32.11.3.rel1.win32_1.1.1.202309131626/tools/bin/../lib/gcc/arm-none-eabi/11.3.1/../../../../arm-none-eabi/lib/thumb/v7-m/nofp\libc_nano.a(libc_a-callocr.o)
                0x0000000008014cec                _calloc_r
 .text.__ascii_mbtowc
                0x0000000008014d14       0x24 C:/ST/STM32CubeIDE_1.13.0/STM32CubeIDE/plugins/com.st.stm32cube.ide.mcu.externaltools.gnu-tools-for-stm32.11.3.rel1.win32_1.1.1.202309131626/tools/bin/../lib/gcc/arm-none-eabi/11.3.1/../../../../arm-none-eabi/lib/thumb/v7-m/nofp\libc_nano.a(libc_a-mbtowc_r.o)
                0x0000000008014d14                __ascii_mbtowc
 .text._realloc_r
                0x0000000008014d38       0x5e C:/ST/STM32CubeIDE_1.13.0/STM32CubeIDE/plugins/com.st.stm32cube.ide.mcu.externaltools.gnu-tools-for-stm32.11.3.rel1.win32_1.1.1.202309131626/tools/bin/../lib/gcc/arm-none-eabi/11.3.1/../../../../arm-none-eabi/lib/thumb/v7-m/nofp\libc_nano.a(libc_a-reallocr.o)
                0x0000000008014d38                _realloc_r
 .text.__ascii_wctomb
                0x0000000008014d96       0x1a C:/ST/STM32CubeIDE_1.13.0/STM32CubeIDE/plugins/com.st.stm32cube.ide.mcu.externaltools.gnu-tools-for-stm32.11.3.rel1.win32_1.1.1.202309131626/tools/bin/../lib/gcc/arm-none-eabi/11.3.1/../../../../arm-none-eabi/lib/thumb/v7-m/nofp\libc_nano.a(libc_a-wctomb_r.o)
                0x0000000008014d96                __ascii_wctomb
 .text.fprintf  0x0000000008014db0       0x24 C:/ST/STM32CubeIDE_1.13.0/STM32CubeIDE/plugins/com.st.stm32cube.ide.mcu.externaltools.gnu-tools-for-stm32.11.3.rel1.win32_1.1.1.202309131626/tools/bin/../lib/gcc/arm-none-eabi/11.3.1/../../../../arm-none-eabi/lib/thumb/v7-m/nofp\libc_nano.a(libc_a-fprintf.o)
                0x0000000008014db0                fiprintf
                0x0000000008014db0                fprintf
 .text.abort    0x0000000008014dd4        0xe C:/ST/STM32CubeIDE_1.13.0/STM32CubeIDE/plugins/com.st.stm32cube.ide.mcu.externaltools.gnu-tools-for-stm32.11.3.rel1.win32_1.1.1.202309131626/tools/bin/../lib/gcc/arm-none-eabi/11.3.1/../../../../arm-none-eabi/lib/thumb/v7-m/nofp\libc_nano.a(libc_a-abort.o)
                0x0000000008014dd4                abort
 .text._malloc_usable_size_r
                0x0000000008014de2       0x10 C:/ST/STM32CubeIDE_1.13.0/STM32CubeIDE/plugins/com.st.stm32cube.ide.mcu.externaltools.gnu-tools-for-stm32.11.3.rel1.win32_1.1.1.202309131626/tools/bin/../lib/gcc/arm-none-eabi/11.3.1/../../../../arm-none-eabi/lib/thumb/v7-m/nofp\libc_nano.a(libc_a-msizer.o)
                0x0000000008014de2                _malloc_usable_size_r
 .text.__sfputc_r
                0x0000000008014df2       0x2a C:/ST/STM32CubeIDE_1.13.0/STM32CubeIDE/plugins/com.st.stm32cube.ide.mcu.externaltools.gnu-tools-for-stm32.11.3.rel1.win32_1.1.1.202309131626/tools/bin/../lib/gcc/arm-none-eabi/11.3.1/../../../../arm-none-eabi/lib/thumb/v7-m/nofp\libc_nano.a(libc_a-nano-vfprintf.o)
 .text.__sfputs_r
                0x0000000008014e1c       0x24 C:/ST/STM32CubeIDE_1.13.0/STM32CubeIDE/plugins/com.st.stm32cube.ide.mcu.externaltools.gnu-tools-for-stm32.11.3.rel1.win32_1.1.1.202309131626/tools/bin/../lib/gcc/arm-none-eabi/11.3.1/../../../../arm-none-eabi/lib/thumb/v7-m/nofp\libc_nano.a(libc_a-nano-vfprintf.o)
                0x0000000008014e1c                __sfputs_r
 .text._vfprintf_r
                0x0000000008014e40      0x234 C:/ST/STM32CubeIDE_1.13.0/STM32CubeIDE/plugins/com.st.stm32cube.ide.mcu.externaltools.gnu-tools-for-stm32.11.3.rel1.win32_1.1.1.202309131626/tools/bin/../lib/gcc/arm-none-eabi/11.3.1/../../../../arm-none-eabi/lib/thumb/v7-m/nofp\libc_nano.a(libc_a-nano-vfprintf.o)
                0x0000000008014e40                _vfprintf_r
                0x0000000008014e40                _vfiprintf_r
 .text.__swbuf_r
                0x0000000008015074       0x7a C:/ST/STM32CubeIDE_1.13.0/STM32CubeIDE/plugins/com.st.stm32cube.ide.mcu.externaltools.gnu-tools-for-stm32.11.3.rel1.win32_1.1.1.202309131626/tools/bin/../lib/gcc/arm-none-eabi/11.3.1/../../../../arm-none-eabi/lib/thumb/v7-m/nofp\libc_nano.a(libc_a-wbuf.o)
                0x0000000008015074                __swbuf_r
 *fill*         0x00000000080150ee        0x2 
 .text.__swsetup_r
                0x00000000080150f0       0xb0 C:/ST/STM32CubeIDE_1.13.0/STM32CubeIDE/plugins/com.st.stm32cube.ide.mcu.externaltools.gnu-tools-for-stm32.11.3.rel1.win32_1.1.1.202309131626/tools/bin/../lib/gcc/arm-none-eabi/11.3.1/../../../../arm-none-eabi/lib/thumb/v7-m/nofp\libc_nano.a(libc_a-wsetup.o)
                0x00000000080150f0                __swsetup_r
 .text._raise_r
                0x00000000080151a0       0x50 C:/ST/STM32CubeIDE_1.13.0/STM32CubeIDE/plugins/com.st.stm32cube.ide.mcu.externaltools.gnu-tools-for-stm32.11.3.rel1.win32_1.1.1.202309131626/tools/bin/../lib/gcc/arm-none-eabi/11.3.1/../../../../arm-none-eabi/lib/thumb/v7-m/nofp\libc_nano.a(libc_a-signal.o)
                0x00000000080151a0                _raise_r
 .text.raise    0x00000000080151f0       0x10 C:/ST/STM32CubeIDE_1.13.0/STM32CubeIDE/plugins/com.st.stm32cube.ide.mcu.externaltools.gnu-tools-for-stm32.11.3.rel1.win32_1.1.1.202309131626/tools/bin/../lib/gcc/arm-none-eabi/11.3.1/../../../../arm-none-eabi/lib/thumb/v7-m/nofp\libc_nano.a(libc_a-signal.o)
                0x00000000080151f0                raise