../Drivers/lsm6ds3tr-c-pid/lsm6ds3tr-c_reg.c:49:16:lsm6ds3tr_c_read_reg	4	static
../Drivers/lsm6ds3tr-c-pid/lsm6ds3tr-c_reg.c:70:16:lsm6ds3tr_c_write_reg	4	static
../Drivers/lsm6ds3tr-c-pid/lsm6ds3tr-c_reg.c:93:9:lsm6ds3tr_c_from_fs2g_to_mg	8	static
../Drivers/lsm6ds3tr-c-pid/lsm6ds3tr-c_reg.c:98:9:lsm6ds3tr_c_from_fs4g_to_mg	8	static
../Drivers/lsm6ds3tr-c-pid/lsm6ds3tr-c_reg.c:103:9:lsm6ds3tr_c_from_fs8g_to_mg	8	static
../Drivers/lsm6ds3tr-c-pid/lsm6ds3tr-c_reg.c:108:9:lsm6ds3tr_c_from_fs16g_to_mg	8	static
../Drivers/lsm6ds3tr-c-pid/lsm6ds3tr-c_reg.c:113:9:lsm6ds3tr_c_from_fs125dps_to_mdps	8	static
../Drivers/lsm6ds3tr-c-pid/lsm6ds3tr-c_reg.c:118:9:lsm6ds3tr_c_from_fs250dps_to_mdps	8	static
../Drivers/lsm6ds3tr-c-pid/lsm6ds3tr-c_reg.c:123:9:lsm6ds3tr_c_from_fs500dps_to_mdps	8	static
../Drivers/lsm6ds3tr-c-pid/lsm6ds3tr-c_reg.c:128:9:lsm6ds3tr_c_from_fs1000dps_to_mdps	8	static
../Drivers/lsm6ds3tr-c-pid/lsm6ds3tr-c_reg.c:133:9:lsm6ds3tr_c_from_fs2000dps_to_mdps	8	static
../Drivers/lsm6ds3tr-c-pid/lsm6ds3tr-c_reg.c:138:9:lsm6ds3tr_c_from_lsb_to_celsius	8	static
../Drivers/lsm6ds3tr-c-pid/lsm6ds3tr-c_reg.c:165:9:lsm6ds3tr_c_xl_full_scale_set	24	static
../Drivers/lsm6ds3tr-c-pid/lsm6ds3tr-c_reg.c:192:9:lsm6ds3tr_c_xl_full_scale_get	16	static
../Drivers/lsm6ds3tr-c-pid/lsm6ds3tr-c_reg.c:235:9:lsm6ds3tr_c_xl_data_rate_set	24	static
../Drivers/lsm6ds3tr-c-pid/lsm6ds3tr-c_reg.c:262:9:lsm6ds3tr_c_xl_data_rate_get	16	static
../Drivers/lsm6ds3tr-c-pid/lsm6ds3tr-c_reg.c:337:9:lsm6ds3tr_c_gy_full_scale_set	24	static
../Drivers/lsm6ds3tr-c-pid/lsm6ds3tr-c_reg.c:364:9:lsm6ds3tr_c_gy_full_scale_get	16	static
../Drivers/lsm6ds3tr-c-pid/lsm6ds3tr-c_reg.c:411:9:lsm6ds3tr_c_gy_data_rate_set	24	static
../Drivers/lsm6ds3tr-c-pid/lsm6ds3tr-c_reg.c:438:9:lsm6ds3tr_c_gy_data_rate_get	16	static
../Drivers/lsm6ds3tr-c-pid/lsm6ds3tr-c_reg.c:509:9:lsm6ds3tr_c_block_data_update_set	24	static
../Drivers/lsm6ds3tr-c-pid/lsm6ds3tr-c_reg.c:536:9:lsm6ds3tr_c_block_data_update_get	16	static
../Drivers/lsm6ds3tr-c-pid/lsm6ds3tr-c_reg.c:558:9:lsm6ds3tr_c_xl_offset_weight_set	24	static
../Drivers/lsm6ds3tr-c-pid/lsm6ds3tr-c_reg.c:586:9:lsm6ds3tr_c_xl_offset_weight_get	16	static
../Drivers/lsm6ds3tr-c-pid/lsm6ds3tr-c_reg.c:621:9:lsm6ds3tr_c_xl_power_mode_set	24	static
../Drivers/lsm6ds3tr-c-pid/lsm6ds3tr-c_reg.c:648:9:lsm6ds3tr_c_xl_power_mode_get	16	static
../Drivers/lsm6ds3tr-c-pid/lsm6ds3tr-c_reg.c:685:9:lsm6ds3tr_c_rounding_on_status_set	24	static
../Drivers/lsm6ds3tr-c-pid/lsm6ds3tr-c_reg.c:714:9:lsm6ds3tr_c_rounding_on_status_get	16	static
../Drivers/lsm6ds3tr-c-pid/lsm6ds3tr-c_reg.c:749:9:lsm6ds3tr_c_gy_power_mode_set	24	static
../Drivers/lsm6ds3tr-c-pid/lsm6ds3tr-c_reg.c:776:9:lsm6ds3tr_c_gy_power_mode_get	16	static
../Drivers/lsm6ds3tr-c-pid/lsm6ds3tr-c_reg.c:882:9:lsm6ds3tr_c_status_reg_get	8	static
../Drivers/lsm6ds3tr-c-pid/lsm6ds3tr-c_reg.c:901:9:lsm6ds3tr_c_xl_flag_data_ready_get	16	static
../Drivers/lsm6ds3tr-c-pid/lsm6ds3tr-c_reg.c:922:9:lsm6ds3tr_c_gy_flag_data_ready_get	16	static
../Drivers/lsm6ds3tr-c-pid/lsm6ds3tr-c_reg.c:943:9:lsm6ds3tr_c_temp_flag_data_ready_get	16	static
../Drivers/lsm6ds3tr-c-pid/lsm6ds3tr-c_reg.c:966:9:lsm6ds3tr_c_xl_usr_offset_set	8	static
../Drivers/lsm6ds3tr-c-pid/lsm6ds3tr-c_reg.c:986:9:lsm6ds3tr_c_xl_usr_offset_get	8	static
../Drivers/lsm6ds3tr-c-pid/lsm6ds3tr-c_reg.c:1018:9:lsm6ds3tr_c_timestamp_set	24	static
../Drivers/lsm6ds3tr-c-pid/lsm6ds3tr-c_reg.c:1050:9:lsm6ds3tr_c_timestamp_get	16	static
../Drivers/lsm6ds3tr-c-pid/lsm6ds3tr-c_reg.c:1075:9:lsm6ds3tr_c_timestamp_res_set	24	static
../Drivers/lsm6ds3tr-c-pid/lsm6ds3tr-c_reg.c:1107:9:lsm6ds3tr_c_timestamp_res_get	16	static
../Drivers/lsm6ds3tr-c-pid/lsm6ds3tr-c_reg.c:1155:9:lsm6ds3tr_c_rounding_mode_set	24	static
../Drivers/lsm6ds3tr-c-pid/lsm6ds3tr-c_reg.c:1183:9:lsm6ds3tr_c_rounding_mode_get	16	static
../Drivers/lsm6ds3tr-c-pid/lsm6ds3tr-c_reg.c:1243:9:lsm6ds3tr_c_temperature_raw_get	16	static
../Drivers/lsm6ds3tr-c-pid/lsm6ds3tr-c_reg.c:1265:9:lsm6ds3tr_c_angular_rate_raw_get	16	static
../Drivers/lsm6ds3tr-c-pid/lsm6ds3tr-c_reg.c:1291:9:lsm6ds3tr_c_acceleration_raw_get	16	static
../Drivers/lsm6ds3tr-c-pid/lsm6ds3tr-c_reg.c:1316:9:lsm6ds3tr_c_mag_calibrated_raw_get	16	static
../Drivers/lsm6ds3tr-c-pid/lsm6ds3tr-c_reg.c:1342:9:lsm6ds3tr_c_fifo_raw_data_get	8	static
../Drivers/lsm6ds3tr-c-pid/lsm6ds3tr-c_reg.c:1375:9:lsm6ds3tr_c_mem_bank_set	24	static
../Drivers/lsm6ds3tr-c-pid/lsm6ds3tr-c_reg.c:812:9:lsm6ds3tr_c_all_sources_get	16	static
../Drivers/lsm6ds3tr-c-pid/lsm6ds3tr-c_reg.c:1403:9:lsm6ds3tr_c_mem_bank_get	16	static
../Drivers/lsm6ds3tr-c-pid/lsm6ds3tr-c_reg.c:1438:9:lsm6ds3tr_c_data_ready_mode_set	24	static
../Drivers/lsm6ds3tr-c-pid/lsm6ds3tr-c_reg.c:1465:9:lsm6ds3tr_c_data_ready_mode_get	16	static
../Drivers/lsm6ds3tr-c-pid/lsm6ds3tr-c_reg.c:1500:9:lsm6ds3tr_c_device_id_get	8	static
../Drivers/lsm6ds3tr-c-pid/lsm6ds3tr-c_reg.c:1517:9:lsm6ds3tr_c_reset_set	24	static
../Drivers/lsm6ds3tr-c-pid/lsm6ds3tr-c_reg.c:1543:9:lsm6ds3tr_c_reset_get	16	static
../Drivers/lsm6ds3tr-c-pid/lsm6ds3tr-c_reg.c:1563:9:lsm6ds3tr_c_data_format_set	24	static
../Drivers/lsm6ds3tr-c-pid/lsm6ds3tr-c_reg.c:1590:9:lsm6ds3tr_c_data_format_get	16	static
../Drivers/lsm6ds3tr-c-pid/lsm6ds3tr-c_reg.c:1626:9:lsm6ds3tr_c_auto_increment_set	24	static
../Drivers/lsm6ds3tr-c-pid/lsm6ds3tr-c_reg.c:1653:9:lsm6ds3tr_c_auto_increment_get	16	static
../Drivers/lsm6ds3tr-c-pid/lsm6ds3tr-c_reg.c:1674:9:lsm6ds3tr_c_boot_set	24	static
../Drivers/lsm6ds3tr-c-pid/lsm6ds3tr-c_reg.c:1700:9:lsm6ds3tr_c_boot_get	16	static
../Drivers/lsm6ds3tr-c-pid/lsm6ds3tr-c_reg.c:1720:9:lsm6ds3tr_c_xl_self_test_set	24	static
../Drivers/lsm6ds3tr-c-pid/lsm6ds3tr-c_reg.c:1747:9:lsm6ds3tr_c_xl_self_test_get	16	static
../Drivers/lsm6ds3tr-c-pid/lsm6ds3tr-c_reg.c:1786:9:lsm6ds3tr_c_gy_self_test_set	24	static
../Drivers/lsm6ds3tr-c-pid/lsm6ds3tr-c_reg.c:1813:9:lsm6ds3tr_c_gy_self_test_get	16	static
../Drivers/lsm6ds3tr-c-pid/lsm6ds3tr-c_reg.c:1866:9:lsm6ds3tr_c_filter_settling_mask_set	24	static
../Drivers/lsm6ds3tr-c-pid/lsm6ds3tr-c_reg.c:1894:9:lsm6ds3tr_c_filter_settling_mask_get	16	static
../Drivers/lsm6ds3tr-c-pid/lsm6ds3tr-c_reg.c:1916:9:lsm6ds3tr_c_xl_hp_path_internal_set	24	static
../Drivers/lsm6ds3tr-c-pid/lsm6ds3tr-c_reg.c:1944:9:lsm6ds3tr_c_xl_hp_path_internal_get	16	static
../Drivers/lsm6ds3tr-c-pid/lsm6ds3tr-c_reg.c:1993:9:lsm6ds3tr_c_xl_filter_analog_set	24	static
../Drivers/lsm6ds3tr-c-pid/lsm6ds3tr-c_reg.c:2021:9:lsm6ds3tr_c_xl_filter_analog_get	16	static
../Drivers/lsm6ds3tr-c-pid/lsm6ds3tr-c_reg.c:2070:9:lsm6ds3tr_c_xl_lp1_bandwidth_set	24	static
../Drivers/lsm6ds3tr-c-pid/lsm6ds3tr-c_reg.c:2113:9:lsm6ds3tr_c_xl_lp1_bandwidth_get	24	static
../Drivers/lsm6ds3tr-c-pid/lsm6ds3tr-c_reg.c:2164:9:lsm6ds3tr_c_xl_lp2_bandwidth_set	24	static
../Drivers/lsm6ds3tr-c-pid/lsm6ds3tr-c_reg.c:2194:9:lsm6ds3tr_c_xl_lp2_bandwidth_get	16	static
../Drivers/lsm6ds3tr-c-pid/lsm6ds3tr-c_reg.c:2265:9:lsm6ds3tr_c_xl_reference_mode_set	24	static
../Drivers/lsm6ds3tr-c-pid/lsm6ds3tr-c_reg.c:2292:9:lsm6ds3tr_c_xl_reference_mode_get	16	static
../Drivers/lsm6ds3tr-c-pid/lsm6ds3tr-c_reg.c:2313:9:lsm6ds3tr_c_xl_hp_bandwidth_set	24	static
../Drivers/lsm6ds3tr-c-pid/lsm6ds3tr-c_reg.c:2342:9:lsm6ds3tr_c_xl_hp_bandwidth_get	16	static
../Drivers/lsm6ds3tr-c-pid/lsm6ds3tr-c_reg.c:2403:9:lsm6ds3tr_c_gy_band_pass_set	32	static
../Drivers/lsm6ds3tr-c-pid/lsm6ds3tr-c_reg.c:2459:9:lsm6ds3tr_c_gy_band_pass_get	32	static
../Drivers/lsm6ds3tr-c-pid/lsm6ds3tr-c_reg.c:2562:9:lsm6ds3tr_c_spi_mode_set	24	static
../Drivers/lsm6ds3tr-c-pid/lsm6ds3tr-c_reg.c:2589:9:lsm6ds3tr_c_spi_mode_get	16	static
../Drivers/lsm6ds3tr-c-pid/lsm6ds3tr-c_reg.c:2624:9:lsm6ds3tr_c_i2c_interface_set	24	static
../Drivers/lsm6ds3tr-c-pid/lsm6ds3tr-c_reg.c:2651:9:lsm6ds3tr_c_i2c_interface_get	16	static
../Drivers/lsm6ds3tr-c-pid/lsm6ds3tr-c_reg.c:2700:9:lsm6ds3tr_c_pin_int1_route_set	48	static
../Drivers/lsm6ds3tr-c-pid/lsm6ds3tr-c_reg.c:2825:9:lsm6ds3tr_c_pin_int1_route_get	32	static
../Drivers/lsm6ds3tr-c-pid/lsm6ds3tr-c_reg.c:2884:9:lsm6ds3tr_c_pin_int2_route_set	40	static
../Drivers/lsm6ds3tr-c-pid/lsm6ds3tr-c_reg.c:2994:9:lsm6ds3tr_c_pin_int2_route_get	32	static
../Drivers/lsm6ds3tr-c-pid/lsm6ds3tr-c_reg.c:3045:9:lsm6ds3tr_c_pin_mode_set	24	static
../Drivers/lsm6ds3tr-c-pid/lsm6ds3tr-c_reg.c:3072:9:lsm6ds3tr_c_pin_mode_get	16	static
../Drivers/lsm6ds3tr-c-pid/lsm6ds3tr-c_reg.c:3107:9:lsm6ds3tr_c_pin_polarity_set	24	static
../Drivers/lsm6ds3tr-c-pid/lsm6ds3tr-c_reg.c:3134:9:lsm6ds3tr_c_pin_polarity_get	16	static
../Drivers/lsm6ds3tr-c-pid/lsm6ds3tr-c_reg.c:3169:9:lsm6ds3tr_c_all_on_int1_set	24	static
../Drivers/lsm6ds3tr-c-pid/lsm6ds3tr-c_reg.c:3195:9:lsm6ds3tr_c_all_on_int1_get	16	static
../Drivers/lsm6ds3tr-c-pid/lsm6ds3tr-c_reg.c:3215:9:lsm6ds3tr_c_int_notification_set	24	static
../Drivers/lsm6ds3tr-c-pid/lsm6ds3tr-c_reg.c:3242:9:lsm6ds3tr_c_int_notification_get	16	static
../Drivers/lsm6ds3tr-c-pid/lsm6ds3tr-c_reg.c:3290:9:lsm6ds3tr_c_wkup_threshold_set	24	static
../Drivers/lsm6ds3tr-c-pid/lsm6ds3tr-c_reg.c:3316:9:lsm6ds3tr_c_wkup_threshold_get	16	static
../Drivers/lsm6ds3tr-c-pid/lsm6ds3tr-c_reg.c:3337:9:lsm6ds3tr_c_wkup_dur_set	24	static
../Drivers/lsm6ds3tr-c-pid/lsm6ds3tr-c_reg.c:3363:9:lsm6ds3tr_c_wkup_dur_get	16	static
../Drivers/lsm6ds3tr-c-pid/lsm6ds3tr-c_reg.c:3396:9:lsm6ds3tr_c_gy_sleep_mode_set	24	static
../Drivers/lsm6ds3tr-c-pid/lsm6ds3tr-c_reg.c:3422:9:lsm6ds3tr_c_gy_sleep_mode_get	16	static
../Drivers/lsm6ds3tr-c-pid/lsm6ds3tr-c_reg.c:3442:9:lsm6ds3tr_c_act_mode_set	24	static
../Drivers/lsm6ds3tr-c-pid/lsm6ds3tr-c_reg.c:3469:9:lsm6ds3tr_c_act_mode_get	16	static
../Drivers/lsm6ds3tr-c-pid/lsm6ds3tr-c_reg.c:3512:9:lsm6ds3tr_c_act_sleep_dur_set	24	static
../Drivers/lsm6ds3tr-c-pid/lsm6ds3tr-c_reg.c:3538:9:lsm6ds3tr_c_act_sleep_dur_get	16	static
../Drivers/lsm6ds3tr-c-pid/lsm6ds3tr-c_reg.c:3571:9:lsm6ds3tr_c_tap_src_get	8	static
../Drivers/lsm6ds3tr-c-pid/lsm6ds3tr-c_reg.c:3588:9:lsm6ds3tr_c_tap_detection_on_z_set	24	static
../Drivers/lsm6ds3tr-c-pid/lsm6ds3tr-c_reg.c:3615:9:lsm6ds3tr_c_tap_detection_on_z_get	16	static
../Drivers/lsm6ds3tr-c-pid/lsm6ds3tr-c_reg.c:3636:9:lsm6ds3tr_c_tap_detection_on_y_set	24	static
../Drivers/lsm6ds3tr-c-pid/lsm6ds3tr-c_reg.c:3663:9:lsm6ds3tr_c_tap_detection_on_y_get	16	static
../Drivers/lsm6ds3tr-c-pid/lsm6ds3tr-c_reg.c:3684:9:lsm6ds3tr_c_tap_detection_on_x_set	24	static
../Drivers/lsm6ds3tr-c-pid/lsm6ds3tr-c_reg.c:3711:9:lsm6ds3tr_c_tap_detection_on_x_get	16	static
../Drivers/lsm6ds3tr-c-pid/lsm6ds3tr-c_reg.c:3732:9:lsm6ds3tr_c_tap_threshold_x_set	24	static
../Drivers/lsm6ds3tr-c-pid/lsm6ds3tr-c_reg.c:3759:9:lsm6ds3tr_c_tap_threshold_x_get	16	static
../Drivers/lsm6ds3tr-c-pid/lsm6ds3tr-c_reg.c:3785:9:lsm6ds3tr_c_tap_shock_set	24	static
../Drivers/lsm6ds3tr-c-pid/lsm6ds3tr-c_reg.c:3816:9:lsm6ds3tr_c_tap_shock_get	16	static
../Drivers/lsm6ds3tr-c-pid/lsm6ds3tr-c_reg.c:3841:9:lsm6ds3tr_c_tap_quiet_set	24	static
../Drivers/lsm6ds3tr-c-pid/lsm6ds3tr-c_reg.c:3872:9:lsm6ds3tr_c_tap_quiet_get	16	static
../Drivers/lsm6ds3tr-c-pid/lsm6ds3tr-c_reg.c:3898:9:lsm6ds3tr_c_tap_dur_set	24	static
../Drivers/lsm6ds3tr-c-pid/lsm6ds3tr-c_reg.c:3930:9:lsm6ds3tr_c_tap_dur_get	16	static
../Drivers/lsm6ds3tr-c-pid/lsm6ds3tr-c_reg.c:3951:9:lsm6ds3tr_c_tap_mode_set	24	static
../Drivers/lsm6ds3tr-c-pid/lsm6ds3tr-c_reg.c:3979:9:lsm6ds3tr_c_tap_mode_get	16	static
../Drivers/lsm6ds3tr-c-pid/lsm6ds3tr-c_reg.c:4028:9:lsm6ds3tr_c_6d_feed_data_set	24	static
../Drivers/lsm6ds3tr-c-pid/lsm6ds3tr-c_reg.c:4055:9:lsm6ds3tr_c_6d_feed_data_get	16	static
../Drivers/lsm6ds3tr-c-pid/lsm6ds3tr-c_reg.c:4090:9:lsm6ds3tr_c_6d_threshold_set	24	static
../Drivers/lsm6ds3tr-c-pid/lsm6ds3tr-c_reg.c:4117:9:lsm6ds3tr_c_6d_threshold_get	16	static
../Drivers/lsm6ds3tr-c-pid/lsm6ds3tr-c_reg.c:4160:9:lsm6ds3tr_c_4d_mode_set	24	static
../Drivers/lsm6ds3tr-c-pid/lsm6ds3tr-c_reg.c:4186:9:lsm6ds3tr_c_4d_mode_get	16	static
../Drivers/lsm6ds3tr-c-pid/lsm6ds3tr-c_reg.c:4219:9:lsm6ds3tr_c_ff_dur_set	24	static
../Drivers/lsm6ds3tr-c-pid/lsm6ds3tr-c_reg.c:4259:9:lsm6ds3tr_c_ff_dur_get	24	static
../Drivers/lsm6ds3tr-c-pid/lsm6ds3tr-c_reg.c:4287:9:lsm6ds3tr_c_ff_threshold_set	24	static
../Drivers/lsm6ds3tr-c-pid/lsm6ds3tr-c_reg.c:4314:9:lsm6ds3tr_c_ff_threshold_get	16	static
../Drivers/lsm6ds3tr-c-pid/lsm6ds3tr-c_reg.c:4386:9:lsm6ds3tr_c_fifo_watermark_set	24	static
../Drivers/lsm6ds3tr-c-pid/lsm6ds3tr-c_reg.c:4421:9:lsm6ds3tr_c_fifo_watermark_get	24	static
../Drivers/lsm6ds3tr-c-pid/lsm6ds3tr-c_reg.c:4452:9:lsm6ds3tr_c_fifo_data_level_get	24	static
../Drivers/lsm6ds3tr-c-pid/lsm6ds3tr-c_reg.c:4481:9:lsm6ds3tr_c_fifo_wtm_flag_get	16	static
../Drivers/lsm6ds3tr-c-pid/lsm6ds3tr-c_reg.c:4502:9:lsm6ds3tr_c_fifo_pattern_get	24	static
../Drivers/lsm6ds3tr-c-pid/lsm6ds3tr-c_reg.c:4530:9:lsm6ds3tr_c_fifo_temp_batch_set	24	static
../Drivers/lsm6ds3tr-c-pid/lsm6ds3tr-c_reg.c:4557:9:lsm6ds3tr_c_fifo_temp_batch_get	16	static
../Drivers/lsm6ds3tr-c-pid/lsm6ds3tr-c_reg.c:4579:9:lsm6ds3tr_c_fifo_write_trigger_set	24	static
../Drivers/lsm6ds3tr-c-pid/lsm6ds3tr-c_reg.c:4621:9:lsm6ds3tr_c_fifo_write_trigger_get	24	static
../Drivers/lsm6ds3tr-c-pid/lsm6ds3tr-c_reg.c:4669:9:lsm6ds3tr_c_fifo_pedo_and_timestamp_batch_set	24	static
../Drivers/lsm6ds3tr-c-pid/lsm6ds3tr-c_reg.c:4698:9:lsm6ds3tr_c_fifo_pedo_and_timestamp_batch_get	16	static
../Drivers/lsm6ds3tr-c-pid/lsm6ds3tr-c_reg.c:4721:9:lsm6ds3tr_c_fifo_xl_batch_set	24	static
../Drivers/lsm6ds3tr-c-pid/lsm6ds3tr-c_reg.c:4749:9:lsm6ds3tr_c_fifo_xl_batch_get	16	static
../Drivers/lsm6ds3tr-c-pid/lsm6ds3tr-c_reg.c:4809:9:lsm6ds3tr_c_fifo_gy_batch_set	24	static
../Drivers/lsm6ds3tr-c-pid/lsm6ds3tr-c_reg.c:4837:9:lsm6ds3tr_c_fifo_gy_batch_get	16	static
../Drivers/lsm6ds3tr-c-pid/lsm6ds3tr-c_reg.c:4897:9:lsm6ds3tr_c_fifo_dataset_3_batch_set	24	static
../Drivers/lsm6ds3tr-c-pid/lsm6ds3tr-c_reg.c:4925:9:lsm6ds3tr_c_fifo_dataset_3_batch_get	16	static
../Drivers/lsm6ds3tr-c-pid/lsm6ds3tr-c_reg.c:4985:9:lsm6ds3tr_c_fifo_dataset_4_batch_set	24	static
../Drivers/lsm6ds3tr-c-pid/lsm6ds3tr-c_reg.c:5013:9:lsm6ds3tr_c_fifo_dataset_4_batch_get	16	static
../Drivers/lsm6ds3tr-c-pid/lsm6ds3tr-c_reg.c:5072:9:lsm6ds3tr_c_fifo_xl_gy_8bit_format_set	24	static
../Drivers/lsm6ds3tr-c-pid/lsm6ds3tr-c_reg.c:5099:9:lsm6ds3tr_c_fifo_xl_gy_8bit_format_get	16	static
../Drivers/lsm6ds3tr-c-pid/lsm6ds3tr-c_reg.c:5121:9:lsm6ds3tr_c_fifo_stop_on_wtm_set	24	static
../Drivers/lsm6ds3tr-c-pid/lsm6ds3tr-c_reg.c:5149:9:lsm6ds3tr_c_fifo_stop_on_wtm_get	16	static
../Drivers/lsm6ds3tr-c-pid/lsm6ds3tr-c_reg.c:5170:9:lsm6ds3tr_c_fifo_mode_set	24	static
../Drivers/lsm6ds3tr-c-pid/lsm6ds3tr-c_reg.c:5197:9:lsm6ds3tr_c_fifo_mode_get	16	static
../Drivers/lsm6ds3tr-c-pid/lsm6ds3tr-c_reg.c:5244:9:lsm6ds3tr_c_fifo_data_rate_set	24	static
../Drivers/lsm6ds3tr-c-pid/lsm6ds3tr-c_reg.c:5271:9:lsm6ds3tr_c_fifo_data_rate_get	16	static
../Drivers/lsm6ds3tr-c-pid/lsm6ds3tr-c_reg.c:5355:9:lsm6ds3tr_c_den_polarity_set	24	static
../Drivers/lsm6ds3tr-c-pid/lsm6ds3tr-c_reg.c:5382:9:lsm6ds3tr_c_den_polarity_get	16	static
../Drivers/lsm6ds3tr-c-pid/lsm6ds3tr-c_reg.c:5417:9:lsm6ds3tr_c_den_mode_set	24	static
../Drivers/lsm6ds3tr-c-pid/lsm6ds3tr-c_reg.c:5444:9:lsm6ds3tr_c_den_mode_get	16	static
../Drivers/lsm6ds3tr-c-pid/lsm6ds3tr-c_reg.c:5488:9:lsm6ds3tr_c_den_enable_set	24	static
../Drivers/lsm6ds3tr-c-pid/lsm6ds3tr-c_reg.c:5530:9:lsm6ds3tr_c_den_enable_get	24	static
../Drivers/lsm6ds3tr-c-pid/lsm6ds3tr-c_reg.c:5576:9:lsm6ds3tr_c_den_mark_axis_z_set	24	static
../Drivers/lsm6ds3tr-c-pid/lsm6ds3tr-c_reg.c:5603:9:lsm6ds3tr_c_den_mark_axis_z_get	16	static
../Drivers/lsm6ds3tr-c-pid/lsm6ds3tr-c_reg.c:5624:9:lsm6ds3tr_c_den_mark_axis_y_set	24	static
../Drivers/lsm6ds3tr-c-pid/lsm6ds3tr-c_reg.c:5651:9:lsm6ds3tr_c_den_mark_axis_y_get	16	static
../Drivers/lsm6ds3tr-c-pid/lsm6ds3tr-c_reg.c:5672:9:lsm6ds3tr_c_den_mark_axis_x_set	24	static
../Drivers/lsm6ds3tr-c-pid/lsm6ds3tr-c_reg.c:5699:9:lsm6ds3tr_c_den_mark_axis_x_get	16	static
../Drivers/lsm6ds3tr-c-pid/lsm6ds3tr-c_reg.c:5732:9:lsm6ds3tr_c_pedo_step_reset_set	24	static
../Drivers/lsm6ds3tr-c-pid/lsm6ds3tr-c_reg.c:5759:9:lsm6ds3tr_c_pedo_step_reset_get	16	static
../Drivers/lsm6ds3tr-c-pid/lsm6ds3tr-c_reg.c:5780:9:lsm6ds3tr_c_pedo_sens_set	24	static
../Drivers/lsm6ds3tr-c-pid/lsm6ds3tr-c_reg.c:5812:9:lsm6ds3tr_c_pedo_sens_get	16	static
../Drivers/lsm6ds3tr-c-pid/lsm6ds3tr-c_reg.c:5833:9:lsm6ds3tr_c_pedo_threshold_set	24	static
../Drivers/lsm6ds3tr-c-pid/lsm6ds3tr-c_reg.c:5869:9:lsm6ds3tr_c_pedo_threshold_get	24	static
../Drivers/lsm6ds3tr-c-pid/lsm6ds3tr-c_reg.c:5901:9:lsm6ds3tr_c_pedo_full_scale_set	24	static
../Drivers/lsm6ds3tr-c-pid/lsm6ds3tr-c_reg.c:5939:9:lsm6ds3tr_c_pedo_full_scale_get	24	static
../Drivers/lsm6ds3tr-c-pid/lsm6ds3tr-c_reg.c:5984:9:lsm6ds3tr_c_pedo_debounce_steps_set	24	static
../Drivers/lsm6ds3tr-c-pid/lsm6ds3tr-c_reg.c:6021:9:lsm6ds3tr_c_pedo_debounce_steps_get	24	static
../Drivers/lsm6ds3tr-c-pid/lsm6ds3tr-c_reg.c:6054:9:lsm6ds3tr_c_pedo_timeout_set	24	static
../Drivers/lsm6ds3tr-c-pid/lsm6ds3tr-c_reg.c:6092:9:lsm6ds3tr_c_pedo_timeout_get	24	static
../Drivers/lsm6ds3tr-c-pid/lsm6ds3tr-c_reg.c:6122:9:lsm6ds3tr_c_pedo_steps_period_set	16	static
../Drivers/lsm6ds3tr-c-pid/lsm6ds3tr-c_reg.c:6150:9:lsm6ds3tr_c_pedo_steps_period_get	16	static
../Drivers/lsm6ds3tr-c-pid/lsm6ds3tr-c_reg.c:6191:9:lsm6ds3tr_c_motion_sens_set	24	static
../Drivers/lsm6ds3tr-c-pid/lsm6ds3tr-c_reg.c:6222:9:lsm6ds3tr_c_motion_sens_get	16	static
../Drivers/lsm6ds3tr-c-pid/lsm6ds3tr-c_reg.c:6242:9:lsm6ds3tr_c_motion_threshold_set	16	static
../Drivers/lsm6ds3tr-c-pid/lsm6ds3tr-c_reg.c:6270:9:lsm6ds3tr_c_motion_threshold_get	16	static
../Drivers/lsm6ds3tr-c-pid/lsm6ds3tr-c_reg.c:6311:9:lsm6ds3tr_c_tilt_sens_set	24	static
../Drivers/lsm6ds3tr-c-pid/lsm6ds3tr-c_reg.c:6343:9:lsm6ds3tr_c_tilt_sens_get	16	static
../Drivers/lsm6ds3tr-c-pid/lsm6ds3tr-c_reg.c:6363:9:lsm6ds3tr_c_wrist_tilt_sens_set	24	static
../Drivers/lsm6ds3tr-c-pid/lsm6ds3tr-c_reg.c:6396:9:lsm6ds3tr_c_wrist_tilt_sens_get	16	static
../Drivers/lsm6ds3tr-c-pid/lsm6ds3tr-c_reg.c:6419:9:lsm6ds3tr_c_tilt_latency_set	16	static
../Drivers/lsm6ds3tr-c-pid/lsm6ds3tr-c_reg.c:6448:9:lsm6ds3tr_c_tilt_latency_get	16	static
../Drivers/lsm6ds3tr-c-pid/lsm6ds3tr-c_reg.c:6477:9:lsm6ds3tr_c_tilt_threshold_set	16	static
../Drivers/lsm6ds3tr-c-pid/lsm6ds3tr-c_reg.c:6507:9:lsm6ds3tr_c_tilt_threshold_get	16	static
../Drivers/lsm6ds3tr-c-pid/lsm6ds3tr-c_reg.c:6535:9:lsm6ds3tr_c_tilt_src_set	16	static
../Drivers/lsm6ds3tr-c-pid/lsm6ds3tr-c_reg.c:6564:9:lsm6ds3tr_c_tilt_src_get	0	static
../Drivers/lsm6ds3tr-c-pid/lsm6ds3tr-c_reg.c:6606:9:lsm6ds3tr_c_mag_soft_iron_set	24	static
../Drivers/lsm6ds3tr-c-pid/lsm6ds3tr-c_reg.c:6632:9:lsm6ds3tr_c_mag_soft_iron_get	16	static
../Drivers/lsm6ds3tr-c-pid/lsm6ds3tr-c_reg.c:6652:9:lsm6ds3tr_c_mag_hard_iron_set	24	static
../Drivers/lsm6ds3tr-c-pid/lsm6ds3tr-c_reg.c:6696:9:lsm6ds3tr_c_mag_hard_iron_get	16	static
../Drivers/lsm6ds3tr-c-pid/lsm6ds3tr-c_reg.c:6717:9:lsm6ds3tr_c_mag_soft_iron_mat_set	16	static
../Drivers/lsm6ds3tr-c-pid/lsm6ds3tr-c_reg.c:6746:9:lsm6ds3tr_c_mag_soft_iron_mat_get	16	static
../Drivers/lsm6ds3tr-c-pid/lsm6ds3tr-c_reg.c:6775:9:lsm6ds3tr_c_mag_offset_set	24	static
../Drivers/lsm6ds3tr-c-pid/lsm6ds3tr-c_reg.c:6810:9:lsm6ds3tr_c_mag_offset_get	24	static
../Drivers/lsm6ds3tr-c-pid/lsm6ds3tr-c_reg.c:6857:9:lsm6ds3tr_c_func_en_set	24	static
../Drivers/lsm6ds3tr-c-pid/lsm6ds3tr-c_reg.c:6884:9:lsm6ds3tr_c_sh_sync_sens_frame_set	24	static
../Drivers/lsm6ds3tr-c-pid/lsm6ds3tr-c_reg.c:6912:9:lsm6ds3tr_c_sh_sync_sens_frame_get	16	static
../Drivers/lsm6ds3tr-c-pid/lsm6ds3tr-c_reg.c:6933:9:lsm6ds3tr_c_sh_sync_sens_ratio_set	24	static
../Drivers/lsm6ds3tr-c-pid/lsm6ds3tr-c_reg.c:6960:9:lsm6ds3tr_c_sh_sync_sens_ratio_get	16	static
../Drivers/lsm6ds3tr-c-pid/lsm6ds3tr-c_reg.c:7003:9:lsm6ds3tr_c_sh_master_set	24	static
../Drivers/lsm6ds3tr-c-pid/lsm6ds3tr-c_reg.c:7029:9:lsm6ds3tr_c_sh_master_get	16	static
../Drivers/lsm6ds3tr-c-pid/lsm6ds3tr-c_reg.c:7049:9:lsm6ds3tr_c_sh_pass_through_set	24	static
../Drivers/lsm6ds3tr-c-pid/lsm6ds3tr-c_reg.c:7076:9:lsm6ds3tr_c_sh_pass_through_get	16	static
../Drivers/lsm6ds3tr-c-pid/lsm6ds3tr-c_reg.c:7097:9:lsm6ds3tr_c_sh_pin_mode_set	24	static
../Drivers/lsm6ds3tr-c-pid/lsm6ds3tr-c_reg.c:7124:9:lsm6ds3tr_c_sh_pin_mode_get	16	static
../Drivers/lsm6ds3tr-c-pid/lsm6ds3tr-c_reg.c:7159:9:lsm6ds3tr_c_sh_syncro_mode_set	24	static
../Drivers/lsm6ds3tr-c-pid/lsm6ds3tr-c_reg.c:7186:9:lsm6ds3tr_c_sh_syncro_mode_get	16	static
../Drivers/lsm6ds3tr-c-pid/lsm6ds3tr-c_reg.c:7221:9:lsm6ds3tr_c_sh_drdy_on_int1_set	24	static
../Drivers/lsm6ds3tr-c-pid/lsm6ds3tr-c_reg.c:7248:9:lsm6ds3tr_c_sh_drdy_on_int1_get	16	static
../Drivers/lsm6ds3tr-c-pid/lsm6ds3tr-c_reg.c:7269:9:lsm6ds3tr_c_sh_read_data_raw_get	16	static
../Drivers/lsm6ds3tr-c-pid/lsm6ds3tr-c_reg.c:7295:9:lsm6ds3tr_c_sh_cmd_sens_sync_set	24	static
../Drivers/lsm6ds3tr-c-pid/lsm6ds3tr-c_reg.c:7323:9:lsm6ds3tr_c_sh_cmd_sens_sync_get	16	static
../Drivers/lsm6ds3tr-c-pid/lsm6ds3tr-c_reg.c:7345:9:lsm6ds3tr_c_sh_spi_sync_error_set	24	static
../Drivers/lsm6ds3tr-c-pid/lsm6ds3tr-c_reg.c:7373:9:lsm6ds3tr_c_sh_spi_sync_error_get	16	static
../Drivers/lsm6ds3tr-c-pid/lsm6ds3tr-c_reg.c:7394:9:lsm6ds3tr_c_sh_num_of_dev_connected_set	24	static
../Drivers/lsm6ds3tr-c-pid/lsm6ds3tr-c_reg.c:7431:9:lsm6ds3tr_c_sh_num_of_dev_connected_get	24	static
../Drivers/lsm6ds3tr-c-pid/lsm6ds3tr-c_reg.c:7487:9:lsm6ds3tr_c_sh_cfg_write	24	static
../Drivers/lsm6ds3tr-c-pid/lsm6ds3tr-c_reg.c:7535:9:lsm6ds3tr_c_sh_slv0_cfg_read	24	static
../Drivers/lsm6ds3tr-c-pid/lsm6ds3tr-c_reg.c:7590:9:lsm6ds3tr_c_sh_slv1_cfg_read	24	static
../Drivers/lsm6ds3tr-c-pid/lsm6ds3tr-c_reg.c:7645:9:lsm6ds3tr_c_sh_slv2_cfg_read	24	static
../Drivers/lsm6ds3tr-c-pid/lsm6ds3tr-c_reg.c:7700:9:lsm6ds3tr_c_sh_slv3_cfg_read	24	static
../Drivers/lsm6ds3tr-c-pid/lsm6ds3tr-c_reg.c:7753:9:lsm6ds3tr_c_sh_slave_0_dec_set	24	static
../Drivers/lsm6ds3tr-c-pid/lsm6ds3tr-c_reg.c:7791:9:lsm6ds3tr_c_sh_slave_0_dec_get	24	static
../Drivers/lsm6ds3tr-c-pid/lsm6ds3tr-c_reg.c:7847:9:lsm6ds3tr_c_sh_write_mode_set	24	static
../Drivers/lsm6ds3tr-c-pid/lsm6ds3tr-c_reg.c:7887:9:lsm6ds3tr_c_sh_write_mode_get	24	static
../Drivers/lsm6ds3tr-c-pid/lsm6ds3tr-c_reg.c:7933:9:lsm6ds3tr_c_sh_slave_1_dec_set	24	static
../Drivers/lsm6ds3tr-c-pid/lsm6ds3tr-c_reg.c:7970:9:lsm6ds3tr_c_sh_slave_1_dec_get	24	static
../Drivers/lsm6ds3tr-c-pid/lsm6ds3tr-c_reg.c:8024:9:lsm6ds3tr_c_sh_slave_2_dec_set	24	static
../Drivers/lsm6ds3tr-c-pid/lsm6ds3tr-c_reg.c:8062:9:lsm6ds3tr_c_sh_slave_2_dec_get	24	static
../Drivers/lsm6ds3tr-c-pid/lsm6ds3tr-c_reg.c:8116:9:lsm6ds3tr_c_sh_slave_3_dec_set	24	static
../Drivers/lsm6ds3tr-c-pid/lsm6ds3tr-c_reg.c:8154:9:lsm6ds3tr_c_sh_slave_3_dec_get	24	static
